<html>
<body>
<pre>
<h1>µVision Build Log</h1>
<h2>Project:</h2>
C:\Users\b01252\Documents\Freescale\L4K\software\kinetis_kl46_sc\build\keil\TWRPI_sLCD\TWRPI_sLCD.uvproj
Project File Date:  04/04/2013

<h2>Output:</h2>
Rebuild target 'KL46Z256 - Flash'
compiling TWRPI_sLCD.c...
..\..\..\src\projects\TWRPI_sLCD\TWRPI_sLCD.c(58): warning:  #1-D: last line of file ends without a newline
compiling uif.c...
..\..\..\src\common\uif.c(162): warning:  #1293-D: assignment in condition
compiling alloc.c...
compiling assert.c...
compiling io.c...
compiling memtest.c...
compiling queue.c...
compiling stdlib.c...
compiling nmi_isr_handler.c...
compiling start.c...
compiling sysinit.c...
assembling startup_MKL46Z4.s...
compiling system_MKL46Z4.c...
compiling cmp.c...
compiling llwu.c...
compiling lptmr.c...
compiling mcg.c...
compiling pmc.c...
compiling rcm.c...
compiling rtc.c...
compiling smc.c...
compiling uart.c...
..\..\..\src\drivers\uart\uart.c(181): warning:  #111-D: statement is unreachable
compiling Serial.c...
..\..\..\src\drivers\uart\Serial.c(88): warning:  #111-D: statement is unreachable
compiling Retarget.c...
compiling GD-6363P.c...
compiling LcdDrv.c...
linking...
Program Size: Code=15980 RO-data=1264 RW-data=284 ZI-data=1036  
"TWRPI_sLCD_Flash.axf" - 0 Error(s), 4 Warning(s).
Load "C:\\Users\\b01252\\Documents\\Freescale\\L4K\\software\\kinetis_kl46_sc\\build\\keil\\TWRPI_sLCD\\TWRPI_sLCD_Flash.AXF" 
