ARM Linker, 5.02 [Build 28] [MDK-ARM Professional]

==============================================================================

Section Cross References

    platinum.o(.text) refers to start.o(.text) for start
    platinum.o(.text) refers to printf8.o(i.__0printf$8) for __2printf
    platinum.o(.text) refers to io.o(.text) for in_char
    uif.o(.text) refers to io.o(.text) for in_char
    uif.o(.text) refers to stdlib.o(.text) for strcpy
    uif.o(.text) refers to printf8.o(i.__0printf$8) for __2printf
    uif.o(.text) refers to uif.o(.bss) for cmdline1
    uif.o(.text) refers to uif.o(.constdata) for UIF_CMDTAB
    alloc.o(.text) refers to alloc.o(.data) for freep
    alloc.o(.text) refers to alloc.o(.bss) for base
    assert.o(.text) refers to printf8.o(i.__0printf$8) for __2printf
    assert.o(.text) refers to assert.o(.constdata) for ASSERT_FAILED_STR
    io.o(.text) refers to uart.o(.text) for uart_getchar
    start.o(.text) refers to printf8.o(i.__0printf$8) for __2printf
    start.o(.text) refers to start.o(i.__ARM_common_switch8) for __ARM_common_switch8
    start.o(.text) refers to sysinit.o(.text) for sysinit
    start.o(.text) refers to rcm.o(.text) for outSRS
    sysinit.o(.text) refers to mcg.o(.text) for pll_init
    sysinit.o(.text) refers to idiv.o(.text) for __aeabi_idivmod
    sysinit.o(.text) refers to uidiv.o(.text) for __aeabi_uidivmod
    sysinit.o(.text) refers to uart.o(.text) for uart_init
    sysinit.o(.text) refers to sysinit.o(.data) for mcg_clk_hz
    startup_mkl46z4.o(RESET) refers to startup_mkl46z4.o(STACK) for __initial_sp
    startup_mkl46z4.o(RESET) refers to startup_mkl46z4.o(.text) for Reset_Handler
    startup_mkl46z4.o(RESET) refers to nmi_isr_handler.o(.text) for NMI_Handler
    startup_mkl46z4.o(RESET) refers to llwu.o(.text) for LLW_IRQHandler
    startup_mkl46z4.o(.text) refers to system_mkl46z4.o(.text) for SystemInit
    startup_mkl46z4.o(.text) refers to entry.o(.ARM.Collect$$$$00000000) for __main
    system_mkl46z4.o(.text) refers to uidiv.o(.text) for __aeabi_uidivmod
    system_mkl46z4.o(.text) refers to start.o(i.__ARM_common_switch8) for __ARM_common_switch8
    system_mkl46z4.o(.text) refers to system_mkl46z4.o(.data) for SystemCoreClock
    cmp.o(.text) refers to printf8.o(i.__0printf$8) for __2printf
    llwu.o(.text) refers to printf8.o(i.__0printf$8) for __2printf
    llwu.o(.text) refers to llwu.o(.constdata) for .constdata
    lptmr.o(.text) refers to printf8.o(i.__0printf$8) for __2printf
    mcg.o(.text) refers to idiv.o(.text) for __aeabi_idivmod
    mcg.o(.text) refers to uidiv.o(.text) for __aeabi_uidivmod
    mcg.o(.text) refers to fflti.o(.text) for __aeabi_i2f
    mcg.o(.text) refers to fdiv.o(.text) for __aeabi_fdiv
    mcg.o(.text) refers to fmul.o(.text) for __aeabi_fmul
    mcg.o(.text) refers to ffixui.o(.text) for __aeabi_f2uiz
    pmc.o(.text) refers to printf8.o(i.__0printf$8) for __2printf
    rcm.o(.text) refers to printf8.o(i.__0printf$8) for __2printf
    rtc.o(.text) refers to printf8.o(i.__0printf$8) for __2printf
    rtc.o(.text) refers to rtc.o(.constdata) for .constdata
    uart.o(.text) refers to idiv.o(.text) for __aeabi_idivmod
    serial.o(.text) refers to uart.o(.text) for uart_putchar
    retarget.o(.text) refers to serial.o(.text) for SER_PutChar
    entry.o(.ARM.Collect$$$$00000000) refers (Special) to entry7b.o(.ARM.Collect$$$$00000008) for _main_clock
    entry.o(.ARM.Collect$$$$00000000) refers (Special) to entry8.o(.ARM.Collect$$$$00000009) for _main_init
    entry.o(.ARM.Collect$$$$00000000) refers (Special) to entry5.o(.ARM.Collect$$$$00000004) for _main_scatterload
    entry.o(.ARM.Collect$$$$00000000) refers (Special) to entry2.o(.ARM.Collect$$$$00000001) for _main_stk
    idiv.o(.text) refers to uidiv.o(.text) for __aeabi_uidivmod
    printfb.o(i.__0fprintf$bare) refers to printfb.o(i._printf_core) for _printf_core
    printfb.o(i.__0fprintf$bare) refers to retarget.o(.text) for fputc
    printfb.o(i.__0printf$bare) refers to printfb.o(i._printf_core) for _printf_core
    printfb.o(i.__0printf$bare) refers to retarget.o(.text) for fputc
    printfb.o(i.__0printf$bare) refers to retarget.o(.data) for __stdout
    printfb.o(i.__0snprintf$bare) refers to printfb.o(i._printf_core) for _printf_core
    printfb.o(i.__0snprintf$bare) refers to printfb.o(i._snputc) for _snputc
    printfb.o(i.__0sprintf$bare) refers to printfb.o(i._printf_core) for _printf_core
    printfb.o(i.__0sprintf$bare) refers to printfb.o(i._sputc) for _sputc
    printfb.o(i.__0vfprintf$bare) refers to printfb.o(i._printf_core) for _printf_core
    printfb.o(i.__0vfprintf$bare) refers to retarget.o(.text) for fputc
    printfb.o(i.__0vprintf$bare) refers to printfb.o(i._printf_core) for _printf_core
    printfb.o(i.__0vprintf$bare) refers to retarget.o(.text) for fputc
    printfb.o(i.__0vprintf$bare) refers to retarget.o(.data) for __stdout
    printfb.o(i.__0vsnprintf$bare) refers to printfb.o(i._printf_core) for _printf_core
    printfb.o(i.__0vsnprintf$bare) refers to printfb.o(i._snputc) for _snputc
    printfb.o(i.__0vsprintf$bare) refers to printfb.o(i._printf_core) for _printf_core
    printfb.o(i.__0vsprintf$bare) refers to printfb.o(i._sputc) for _sputc
    printf0.o(i.__0fprintf$0) refers to printf0.o(i._printf_core) for _printf_core
    printf0.o(i.__0fprintf$0) refers to retarget.o(.text) for fputc
    printf0.o(i.__0printf$0) refers to printf0.o(i._printf_core) for _printf_core
    printf0.o(i.__0printf$0) refers to retarget.o(.text) for fputc
    printf0.o(i.__0printf$0) refers to retarget.o(.data) for __stdout
    printf0.o(i.__0snprintf$0) refers to printf0.o(i._printf_core) for _printf_core
    printf0.o(i.__0snprintf$0) refers to printf0.o(i._snputc) for _snputc
    printf0.o(i.__0sprintf$0) refers to printf0.o(i._printf_core) for _printf_core
    printf0.o(i.__0sprintf$0) refers to printf0.o(i._sputc) for _sputc
    printf0.o(i.__0vfprintf$0) refers to printf0.o(i._printf_core) for _printf_core
    printf0.o(i.__0vfprintf$0) refers to retarget.o(.text) for fputc
    printf0.o(i.__0vprintf$0) refers to printf0.o(i._printf_core) for _printf_core
    printf0.o(i.__0vprintf$0) refers to retarget.o(.text) for fputc
    printf0.o(i.__0vprintf$0) refers to retarget.o(.data) for __stdout
    printf0.o(i.__0vsnprintf$0) refers to printf0.o(i._printf_core) for _printf_core
    printf0.o(i.__0vsnprintf$0) refers to printf0.o(i._snputc) for _snputc
    printf0.o(i.__0vsprintf$0) refers to printf0.o(i._printf_core) for _printf_core
    printf0.o(i.__0vsprintf$0) refers to printf0.o(i._sputc) for _sputc
    printf1.o(i.__0fprintf$1) refers to printf1.o(i._printf_core) for _printf_core
    printf1.o(i.__0fprintf$1) refers to retarget.o(.text) for fputc
    printf1.o(i.__0printf$1) refers to printf1.o(i._printf_core) for _printf_core
    printf1.o(i.__0printf$1) refers to retarget.o(.text) for fputc
    printf1.o(i.__0printf$1) refers to retarget.o(.data) for __stdout
    printf1.o(i.__0snprintf$1) refers to printf1.o(i._printf_core) for _printf_core
    printf1.o(i.__0snprintf$1) refers to printf1.o(i._snputc) for _snputc
    printf1.o(i.__0sprintf$1) refers to printf1.o(i._printf_core) for _printf_core
    printf1.o(i.__0sprintf$1) refers to printf1.o(i._sputc) for _sputc
    printf1.o(i.__0vfprintf$1) refers to printf1.o(i._printf_core) for _printf_core
    printf1.o(i.__0vfprintf$1) refers to retarget.o(.text) for fputc
    printf1.o(i.__0vprintf$1) refers to printf1.o(i._printf_core) for _printf_core
    printf1.o(i.__0vprintf$1) refers to retarget.o(.text) for fputc
    printf1.o(i.__0vprintf$1) refers to retarget.o(.data) for __stdout
    printf1.o(i.__0vsnprintf$1) refers to printf1.o(i._printf_core) for _printf_core
    printf1.o(i.__0vsnprintf$1) refers to printf1.o(i._snputc) for _snputc
    printf1.o(i.__0vsprintf$1) refers to printf1.o(i._printf_core) for _printf_core
    printf1.o(i.__0vsprintf$1) refers to printf1.o(i._sputc) for _sputc
    printf1.o(i._printf_core) refers to uidiv.o(.text) for __aeabi_uidivmod
    printf2.o(i.__0fprintf$2) refers to printf2.o(i._printf_core) for _printf_core
    printf2.o(i.__0fprintf$2) refers to retarget.o(.text) for fputc
    printf2.o(i.__0printf$2) refers to printf2.o(i._printf_core) for _printf_core
    printf2.o(i.__0printf$2) refers to retarget.o(.text) for fputc
    printf2.o(i.__0printf$2) refers to retarget.o(.data) for __stdout
    printf2.o(i.__0snprintf$2) refers to printf2.o(i._printf_core) for _printf_core
    printf2.o(i.__0snprintf$2) refers to printf2.o(i._snputc) for _snputc
    printf2.o(i.__0sprintf$2) refers to printf2.o(i._printf_core) for _printf_core
    printf2.o(i.__0sprintf$2) refers to printf2.o(i._sputc) for _sputc
    printf2.o(i.__0vfprintf$2) refers to printf2.o(i._printf_core) for _printf_core
    printf2.o(i.__0vfprintf$2) refers to retarget.o(.text) for fputc
    printf2.o(i.__0vprintf$2) refers to printf2.o(i._printf_core) for _printf_core
    printf2.o(i.__0vprintf$2) refers to retarget.o(.text) for fputc
    printf2.o(i.__0vprintf$2) refers to retarget.o(.data) for __stdout
    printf2.o(i.__0vsnprintf$2) refers to printf2.o(i._printf_core) for _printf_core
    printf2.o(i.__0vsnprintf$2) refers to printf2.o(i._snputc) for _snputc
    printf2.o(i.__0vsprintf$2) refers to printf2.o(i._printf_core) for _printf_core
    printf2.o(i.__0vsprintf$2) refers to printf2.o(i._sputc) for _sputc
    printf3.o(i.__0fprintf$3) refers to printf3.o(i._printf_core) for _printf_core
    printf3.o(i.__0fprintf$3) refers to retarget.o(.text) for fputc
    printf3.o(i.__0printf$3) refers to printf3.o(i._printf_core) for _printf_core
    printf3.o(i.__0printf$3) refers to retarget.o(.text) for fputc
    printf3.o(i.__0printf$3) refers to retarget.o(.data) for __stdout
    printf3.o(i.__0snprintf$3) refers to printf3.o(i._printf_core) for _printf_core
    printf3.o(i.__0snprintf$3) refers to printf3.o(i._snputc) for _snputc
    printf3.o(i.__0sprintf$3) refers to printf3.o(i._printf_core) for _printf_core
    printf3.o(i.__0sprintf$3) refers to printf3.o(i._sputc) for _sputc
    printf3.o(i.__0vfprintf$3) refers to printf3.o(i._printf_core) for _printf_core
    printf3.o(i.__0vfprintf$3) refers to retarget.o(.text) for fputc
    printf3.o(i.__0vprintf$3) refers to printf3.o(i._printf_core) for _printf_core
    printf3.o(i.__0vprintf$3) refers to retarget.o(.text) for fputc
    printf3.o(i.__0vprintf$3) refers to retarget.o(.data) for __stdout
    printf3.o(i.__0vsnprintf$3) refers to printf3.o(i._printf_core) for _printf_core
    printf3.o(i.__0vsnprintf$3) refers to printf3.o(i._snputc) for _snputc
    printf3.o(i.__0vsprintf$3) refers to printf3.o(i._printf_core) for _printf_core
    printf3.o(i.__0vsprintf$3) refers to printf3.o(i._sputc) for _sputc
    printf3.o(i._printf_core) refers to uidiv.o(.text) for __aeabi_uidivmod
    printf4.o(i.__0fprintf$4) refers to printf4.o(i._printf_core) for _printf_core
    printf4.o(i.__0fprintf$4) refers to retarget.o(.text) for fputc
    printf4.o(i.__0printf$4) refers to printf4.o(i._printf_core) for _printf_core
    printf4.o(i.__0printf$4) refers to retarget.o(.text) for fputc
    printf4.o(i.__0printf$4) refers to retarget.o(.data) for __stdout
    printf4.o(i.__0snprintf$4) refers to printf4.o(i._printf_core) for _printf_core
    printf4.o(i.__0snprintf$4) refers to printf4.o(i._snputc) for _snputc
    printf4.o(i.__0sprintf$4) refers to printf4.o(i._printf_core) for _printf_core
    printf4.o(i.__0sprintf$4) refers to printf4.o(i._sputc) for _sputc
    printf4.o(i.__0vfprintf$4) refers to printf4.o(i._printf_core) for _printf_core
    printf4.o(i.__0vfprintf$4) refers to retarget.o(.text) for fputc
    printf4.o(i.__0vprintf$4) refers to printf4.o(i._printf_core) for _printf_core
    printf4.o(i.__0vprintf$4) refers to retarget.o(.text) for fputc
    printf4.o(i.__0vprintf$4) refers to retarget.o(.data) for __stdout
    printf4.o(i.__0vsnprintf$4) refers to printf4.o(i._printf_core) for _printf_core
    printf4.o(i.__0vsnprintf$4) refers to printf4.o(i._snputc) for _snputc
    printf4.o(i.__0vsprintf$4) refers to printf4.o(i._printf_core) for _printf_core
    printf4.o(i.__0vsprintf$4) refers to printf4.o(i._sputc) for _sputc
    printf4.o(i._printf_core) refers to uldiv.o(.text) for __aeabi_uldivmod
    printf5.o(i.__0fprintf$5) refers to printf5.o(i._printf_core) for _printf_core
    printf5.o(i.__0fprintf$5) refers to retarget.o(.text) for fputc
    printf5.o(i.__0printf$5) refers to printf5.o(i._printf_core) for _printf_core
    printf5.o(i.__0printf$5) refers to retarget.o(.text) for fputc
    printf5.o(i.__0printf$5) refers to retarget.o(.data) for __stdout
    printf5.o(i.__0snprintf$5) refers to printf5.o(i._printf_core) for _printf_core
    printf5.o(i.__0snprintf$5) refers to printf5.o(i._snputc) for _snputc
    printf5.o(i.__0sprintf$5) refers to printf5.o(i._printf_core) for _printf_core
    printf5.o(i.__0sprintf$5) refers to printf5.o(i._sputc) for _sputc
    printf5.o(i.__0vfprintf$5) refers to printf5.o(i._printf_core) for _printf_core
    printf5.o(i.__0vfprintf$5) refers to retarget.o(.text) for fputc
    printf5.o(i.__0vprintf$5) refers to printf5.o(i._printf_core) for _printf_core
    printf5.o(i.__0vprintf$5) refers to retarget.o(.text) for fputc
    printf5.o(i.__0vprintf$5) refers to retarget.o(.data) for __stdout
    printf5.o(i.__0vsnprintf$5) refers to printf5.o(i._printf_core) for _printf_core
    printf5.o(i.__0vsnprintf$5) refers to printf5.o(i._snputc) for _snputc
    printf5.o(i.__0vsprintf$5) refers to printf5.o(i._printf_core) for _printf_core
    printf5.o(i.__0vsprintf$5) refers to printf5.o(i._sputc) for _sputc
    printf5.o(i._printf_core) refers to uldiv.o(.text) for __aeabi_uldivmod
    printf6.o(i.__0fprintf$6) refers to printf6.o(i._printf_core) for _printf_core
    printf6.o(i.__0fprintf$6) refers to retarget.o(.text) for fputc
    printf6.o(i.__0printf$6) refers to printf6.o(i._printf_core) for _printf_core
    printf6.o(i.__0printf$6) refers to retarget.o(.text) for fputc
    printf6.o(i.__0printf$6) refers to retarget.o(.data) for __stdout
    printf6.o(i.__0snprintf$6) refers to printf6.o(i._printf_core) for _printf_core
    printf6.o(i.__0snprintf$6) refers to printf6.o(i._snputc) for _snputc
    printf6.o(i.__0sprintf$6) refers to printf6.o(i._printf_core) for _printf_core
    printf6.o(i.__0sprintf$6) refers to printf6.o(i._sputc) for _sputc
    printf6.o(i.__0vfprintf$6) refers to printf6.o(i._printf_core) for _printf_core
    printf6.o(i.__0vfprintf$6) refers to retarget.o(.text) for fputc
    printf6.o(i.__0vprintf$6) refers to printf6.o(i._printf_core) for _printf_core
    printf6.o(i.__0vprintf$6) refers to retarget.o(.text) for fputc
    printf6.o(i.__0vprintf$6) refers to retarget.o(.data) for __stdout
    printf6.o(i.__0vsnprintf$6) refers to printf6.o(i._printf_core) for _printf_core
    printf6.o(i.__0vsnprintf$6) refers to printf6.o(i._snputc) for _snputc
    printf6.o(i.__0vsprintf$6) refers to printf6.o(i._printf_core) for _printf_core
    printf6.o(i.__0vsprintf$6) refers to printf6.o(i._sputc) for _sputc
    printf6.o(i._printf_core) refers to printf6.o(i._printf_pre_padding) for _printf_pre_padding
    printf6.o(i._printf_core) refers to printf6.o(i._printf_post_padding) for _printf_post_padding
    printf6.o(i._printf_core) refers to uidiv.o(.text) for __aeabi_uidivmod
    printf7.o(i.__0fprintf$7) refers to printf7.o(i._printf_core) for _printf_core
    printf7.o(i.__0fprintf$7) refers to retarget.o(.text) for fputc
    printf7.o(i.__0printf$7) refers to printf7.o(i._printf_core) for _printf_core
    printf7.o(i.__0printf$7) refers to retarget.o(.text) for fputc
    printf7.o(i.__0printf$7) refers to retarget.o(.data) for __stdout
    printf7.o(i.__0snprintf$7) refers to printf7.o(i._printf_core) for _printf_core
    printf7.o(i.__0snprintf$7) refers to printf7.o(i._snputc) for _snputc
    printf7.o(i.__0sprintf$7) refers to printf7.o(i._printf_core) for _printf_core
    printf7.o(i.__0sprintf$7) refers to printf7.o(i._sputc) for _sputc
    printf7.o(i.__0vfprintf$7) refers to printf7.o(i._printf_core) for _printf_core
    printf7.o(i.__0vfprintf$7) refers to retarget.o(.text) for fputc
    printf7.o(i.__0vprintf$7) refers to printf7.o(i._printf_core) for _printf_core
    printf7.o(i.__0vprintf$7) refers to retarget.o(.text) for fputc
    printf7.o(i.__0vprintf$7) refers to retarget.o(.data) for __stdout
    printf7.o(i.__0vsnprintf$7) refers to printf7.o(i._printf_core) for _printf_core
    printf7.o(i.__0vsnprintf$7) refers to printf7.o(i._snputc) for _snputc
    printf7.o(i.__0vsprintf$7) refers to printf7.o(i._printf_core) for _printf_core
    printf7.o(i.__0vsprintf$7) refers to printf7.o(i._sputc) for _sputc
    printf7.o(i._printf_core) refers to printf7.o(i._printf_pre_padding) for _printf_pre_padding
    printf7.o(i._printf_core) refers to printf7.o(i._printf_post_padding) for _printf_post_padding
    printf7.o(i._printf_core) refers to uldiv.o(.text) for __aeabi_uldivmod
    printf8.o(i.__0fprintf$8) refers to printf8.o(i._printf_core) for _printf_core
    printf8.o(i.__0fprintf$8) refers to retarget.o(.text) for fputc
    printf8.o(i.__0printf$8) refers to printf8.o(i._printf_core) for _printf_core
    printf8.o(i.__0printf$8) refers to retarget.o(.text) for fputc
    printf8.o(i.__0printf$8) refers to retarget.o(.data) for __stdout
    printf8.o(i.__0snprintf$8) refers to printf8.o(i._printf_core) for _printf_core
    printf8.o(i.__0snprintf$8) refers to printf8.o(i._snputc) for _snputc
    printf8.o(i.__0sprintf$8) refers to printf8.o(i._printf_core) for _printf_core
    printf8.o(i.__0sprintf$8) refers to printf8.o(i._sputc) for _sputc
    printf8.o(i.__0vfprintf$8) refers to printf8.o(i._printf_core) for _printf_core
    printf8.o(i.__0vfprintf$8) refers to retarget.o(.text) for fputc
    printf8.o(i.__0vprintf$8) refers to printf8.o(i._printf_core) for _printf_core
    printf8.o(i.__0vprintf$8) refers to retarget.o(.text) for fputc
    printf8.o(i.__0vprintf$8) refers to retarget.o(.data) for __stdout
    printf8.o(i.__0vsnprintf$8) refers to printf8.o(i._printf_core) for _printf_core
    printf8.o(i.__0vsnprintf$8) refers to printf8.o(i._snputc) for _snputc
    printf8.o(i.__0vsprintf$8) refers to printf8.o(i._printf_core) for _printf_core
    printf8.o(i.__0vsprintf$8) refers to printf8.o(i._sputc) for _sputc
    printf8.o(i._printf_core) refers to printf8.o(i._printf_pre_padding) for _printf_pre_padding
    printf8.o(i._printf_core) refers to printf8.o(i._printf_post_padding) for _printf_post_padding
    printf8.o(i._printf_core) refers to uldiv.o(.text) for __aeabi_uldivmod
    printfa.o(i.__0fprintf) refers (Special) to iusefp.o(.text) for __I$use$fp
    printfa.o(i.__0fprintf) refers to printfa.o(i._printf_core) for _printf_core
    printfa.o(i.__0fprintf) refers to retarget.o(.text) for fputc
    printfa.o(i.__0printf) refers (Special) to iusefp.o(.text) for __I$use$fp
    printfa.o(i.__0printf) refers to printfa.o(i._printf_core) for _printf_core
    printfa.o(i.__0printf) refers to retarget.o(.text) for fputc
    printfa.o(i.__0printf) refers to retarget.o(.data) for __stdout
    printfa.o(i.__0snprintf) refers (Special) to iusefp.o(.text) for __I$use$fp
    printfa.o(i.__0snprintf) refers to printfa.o(i._printf_core) for _printf_core
    printfa.o(i.__0snprintf) refers to printfa.o(i._snputc) for _snputc
    printfa.o(i.__0sprintf) refers (Special) to iusefp.o(.text) for __I$use$fp
    printfa.o(i.__0sprintf) refers to printfa.o(i._printf_core) for _printf_core
    printfa.o(i.__0sprintf) refers to printfa.o(i._sputc) for _sputc
    printfa.o(i.__0vfprintf) refers (Special) to iusefp.o(.text) for __I$use$fp
    printfa.o(i.__0vfprintf) refers to printfa.o(i._printf_core) for _printf_core
    printfa.o(i.__0vfprintf) refers to retarget.o(.text) for fputc
    printfa.o(i.__0vprintf) refers (Special) to iusefp.o(.text) for __I$use$fp
    printfa.o(i.__0vprintf) refers to printfa.o(i._printf_core) for _printf_core
    printfa.o(i.__0vprintf) refers to retarget.o(.text) for fputc
    printfa.o(i.__0vprintf) refers to retarget.o(.data) for __stdout
    printfa.o(i.__0vsnprintf) refers (Special) to iusefp.o(.text) for __I$use$fp
    printfa.o(i.__0vsnprintf) refers to printfa.o(i._printf_core) for _printf_core
    printfa.o(i.__0vsnprintf) refers to printfa.o(i._snputc) for _snputc
    printfa.o(i.__0vsprintf) refers (Special) to iusefp.o(.text) for __I$use$fp
    printfa.o(i.__0vsprintf) refers to printfa.o(i._printf_core) for _printf_core
    printfa.o(i.__0vsprintf) refers to printfa.o(i._sputc) for _sputc
    printfa.o(i._fp_digits) refers (Special) to iusefp.o(.text) for __I$use$fp
    printfa.o(i._fp_digits) refers to dmul.o(.text) for __aeabi_dmul
    printfa.o(i._fp_digits) refers to ddiv.o(.text) for __aeabi_ddiv
    printfa.o(i._fp_digits) refers to cdrcmple.o(.text) for __aeabi_cdrcmple
    printfa.o(i._fp_digits) refers to dadd.o(.text) for __aeabi_dadd
    printfa.o(i._fp_digits) refers to dfixul.o(.text) for __aeabi_d2ulz
    printfa.o(i._fp_digits) refers to uldiv.o(.text) for __aeabi_uldivmod
    printfa.o(i._printf_core) refers (Special) to iusefp.o(.text) for __I$use$fp
    printfa.o(i._printf_core) refers to printfa.o(i._printf_pre_padding) for _printf_pre_padding
    printfa.o(i._printf_core) refers to uldiv.o(.text) for __aeabi_uldivmod
    printfa.o(i._printf_core) refers to printfa.o(i._printf_post_padding) for _printf_post_padding
    printfa.o(i._printf_core) refers to printfa.o(i._fp_digits) for _fp_digits
    printfa.o(i._printf_core) refers to uidiv.o(.text) for __aeabi_uidivmod
    printfa.o(i._printf_post_padding) refers (Special) to iusefp.o(.text) for __I$use$fp
    printfa.o(i._printf_pre_padding) refers (Special) to iusefp.o(.text) for __I$use$fp
    printfa.o(i._snputc) refers (Special) to iusefp.o(.text) for __I$use$fp
    printfa.o(i._sputc) refers (Special) to iusefp.o(.text) for __I$use$fp
    fmul.o(.text) refers (Special) to iusefp.o(.text) for __I$use$fp
    fdiv.o(.text) refers (Special) to iusefp.o(.text) for __I$use$fp
    fdiv.o(.text) refers to fepilogue.o(.text) for _float_round
    fflti.o(.text) refers (Special) to iusefp.o(.text) for __I$use$fp
    fflti.o(.text) refers to fepilogue.o(.text) for _float_epilogue
    ffixui.o(.text) refers (Special) to iusefp.o(.text) for __I$use$fp
    entry2.o(.ARM.Collect$$$$00000001) refers to entry2.o(.ARM.Collect$$$$00002712) for __lit__00000000
    entry2.o(.ARM.Collect$$$$00002712) refers to startup_mkl46z4.o(STACK) for __initial_sp
    entry2.o(__vectab_stack_and_reset_area) refers to startup_mkl46z4.o(STACK) for __initial_sp
    entry2.o(__vectab_stack_and_reset_area) refers to entry.o(.ARM.Collect$$$$00000000) for __main
    entry5.o(.ARM.Collect$$$$00000004) refers to init.o(.text) for __scatterload
    entry8.o(.ARM.Collect$$$$00000009) refers to platinum.o(.text) for main
    uldiv.o(.text) refers to llushr.o(.text) for __aeabi_llsr
    uldiv.o(.text) refers to llshl.o(.text) for __aeabi_llsl
    dadd.o(.text) refers to llshl.o(.text) for __aeabi_llsl
    dadd.o(.text) refers to llsshr.o(.text) for __aeabi_lasr
    dadd.o(.text) refers to depilogue.o(.text) for _double_epilogue
    dmul.o(.text) refers to depilogue.o(.text) for _double_epilogue
    ddiv.o(.text) refers to depilogue.o(.text) for _double_round
    dfixul.o(.text) refers to llushr.o(.text) for __aeabi_llsr
    dfixul.o(.text) refers to llshl.o(.text) for __aeabi_llsl
    init.o(.text) refers to entry5.o(.ARM.Collect$$$$00000004) for __main_after_scatterload
    depilogue.o(.text) refers to depilogue.o(i.__ARM_clz) for __ARM_clz
    depilogue.o(.text) refers to llshl.o(.text) for __aeabi_llsl
    depilogue.o(.text) refers to llushr.o(.text) for __aeabi_llsr


==============================================================================

Removing Unused input sections from the image.

    Removing platinum.o(.rev16_text), (4 bytes).
    Removing platinum.o(.revsh_text), (4 bytes).
    Removing uif.o(.rev16_text), (4 bytes).
    Removing uif.o(.revsh_text), (4 bytes).
    Removing uif.o(.text), (1012 bytes).
    Removing uif.o(.bss), (160 bytes).
    Removing uif.o(.constdata), (256 bytes).
    Removing alloc.o(.rev16_text), (4 bytes).
    Removing alloc.o(.revsh_text), (4 bytes).
    Removing alloc.o(.text), (244 bytes).
    Removing alloc.o(.bss), (16 bytes).
    Removing alloc.o(.data), (4 bytes).
    Removing assert.o(.rev16_text), (4 bytes).
    Removing assert.o(.revsh_text), (4 bytes).
    Removing assert.o(.text), (48 bytes).
    Removing assert.o(.constdata), (35 bytes).
    Removing io.o(.rev16_text), (4 bytes).
    Removing io.o(.revsh_text), (4 bytes).
    Removing memtest.o(.text), (260 bytes).
    Removing queue.o(.rev16_text), (4 bytes).
    Removing queue.o(.revsh_text), (4 bytes).
    Removing queue.o(.text), (142 bytes).
    Removing stdlib.o(.rev16_text), (4 bytes).
    Removing stdlib.o(.revsh_text), (4 bytes).
    Removing stdlib.o(.text), (910 bytes).
    Removing nmi_isr_handler.o(.rev16_text), (4 bytes).
    Removing nmi_isr_handler.o(.revsh_text), (4 bytes).
    Removing start.o(.rev16_text), (4 bytes).
    Removing start.o(.revsh_text), (4 bytes).
    Removing sysinit.o(.rev16_text), (4 bytes).
    Removing sysinit.o(.revsh_text), (4 bytes).
    Removing startup_mkl46z4.o(HEAP), (0 bytes).
    Removing system_mkl46z4.o(.rev16_text), (4 bytes).
    Removing system_mkl46z4.o(.revsh_text), (4 bytes).
    Removing cmp.o(.rev16_text), (4 bytes).
    Removing cmp.o(.revsh_text), (4 bytes).
    Removing cmp.o(.text), (296 bytes).
    Removing llwu.o(.rev16_text), (4 bytes).
    Removing llwu.o(.revsh_text), (4 bytes).
    Removing lptmr.o(.rev16_text), (4 bytes).
    Removing lptmr.o(.revsh_text), (4 bytes).
    Removing lptmr.o(.text), (440 bytes).
    Removing mcg.o(.rev16_text), (4 bytes).
    Removing mcg.o(.revsh_text), (4 bytes).
    Removing mcg.o(.data), (2 bytes).
    Removing pmc.o(.rev16_text), (4 bytes).
    Removing pmc.o(.revsh_text), (4 bytes).
    Removing pmc.o(.text), (216 bytes).
    Removing pmc.o(.data), (4 bytes).
    Removing rcm.o(.rev16_text), (4 bytes).
    Removing rcm.o(.revsh_text), (4 bytes).
    Removing rtc.o(.rev16_text), (4 bytes).
    Removing rtc.o(.revsh_text), (4 bytes).
    Removing rtc.o(.text), (932 bytes).
    Removing rtc.o(.constdata), (73 bytes).
    Removing smc.o(.rev16_text), (4 bytes).
    Removing smc.o(.revsh_text), (4 bytes).
    Removing smc.o(.text), (812 bytes).
    Removing uart.o(.rev16_text), (4 bytes).
    Removing uart.o(.revsh_text), (4 bytes).
    Removing serial.o(.rev16_text), (4 bytes).
    Removing serial.o(.revsh_text), (4 bytes).
    Removing dadd.o(.text), (356 bytes).
    Removing dmul.o(.text), (208 bytes).
    Removing ddiv.o(.text), (240 bytes).
    Removing dfixul.o(.text), (64 bytes).
    Removing cdrcmple.o(.text), (40 bytes).
    Removing depilogue.o(.text), (192 bytes).
    Removing depilogue.o(i.__ARM_clz), (46 bytes).

69 unused section(s) (total 7176 bytes) removed from the image.

==============================================================================

Image Symbol Table

    Local Symbols

    Symbol Name                              Value     Ov Type        Size  Object(Section)

    RESET                                    0x00000000   Section      192  startup_mkl46z4.o(RESET)
    ../clib/microlib/division.c              0x00000000   Number         0  uldiv.o ABSOLUTE
    ../clib/microlib/division.c              0x00000000   Number         0  uidiv.o ABSOLUTE
    ../clib/microlib/division.c              0x00000000   Number         0  idiv.o ABSOLUTE
    ../clib/microlib/init/entry.s            0x00000000   Number         0  entry7b.o ABSOLUTE
    ../clib/microlib/init/entry.s            0x00000000   Number         0  entry7a.o ABSOLUTE
    ../clib/microlib/init/entry.s            0x00000000   Number         0  entry5.o ABSOLUTE
    ../clib/microlib/init/entry.s            0x00000000   Number         0  entry2.o ABSOLUTE
    ../clib/microlib/init/entry.s            0x00000000   Number         0  entry.o ABSOLUTE
    ../clib/microlib/init/entry.s            0x00000000   Number         0  entry8.o ABSOLUTE
    ../clib/microlib/longlong.c              0x00000000   Number         0  llsshr.o ABSOLUTE
    ../clib/microlib/longlong.c              0x00000000   Number         0  llushr.o ABSOLUTE
    ../clib/microlib/longlong.c              0x00000000   Number         0  llshl.o ABSOLUTE
    ../clib/microlib/printf/printf.c         0x00000000   Number         0  printf7.o ABSOLUTE
    ../clib/microlib/printf/printf.c         0x00000000   Number         0  printf6.o ABSOLUTE
    ../clib/microlib/printf/printf.c         0x00000000   Number         0  printf2.o ABSOLUTE
    ../clib/microlib/printf/printf.c         0x00000000   Number         0  printf3.o ABSOLUTE
    ../clib/microlib/printf/printf.c         0x00000000   Number         0  printf5.o ABSOLUTE
    ../clib/microlib/printf/printf.c         0x00000000   Number         0  printf4.o ABSOLUTE
    ../clib/microlib/printf/printf.c         0x00000000   Number         0  printfb.o ABSOLUTE
    ../clib/microlib/printf/printf.c         0x00000000   Number         0  printf0.o ABSOLUTE
    ../clib/microlib/printf/printf.c         0x00000000   Number         0  printfa.o ABSOLUTE
    ../clib/microlib/printf/printf.c         0x00000000   Number         0  printf1.o ABSOLUTE
    ../clib/microlib/printf/printf.c         0x00000000   Number         0  printf8.o ABSOLUTE
    ../clib/microlib/printf/stubs.s          0x00000000   Number         0  stubs.o ABSOLUTE
    ../clib/microlib/stubs.s                 0x00000000   Number         0  iusefp.o ABSOLUTE
    ../clib/microlib/stubs.s                 0x00000000   Number         0  useno.o ABSOLUTE
    ../fplib/microlib/fpadd.c                0x00000000   Number         0  dadd.o ABSOLUTE
    ../fplib/microlib/fpdiv.c                0x00000000   Number         0  ddiv.o ABSOLUTE
    ../fplib/microlib/fpdiv.c                0x00000000   Number         0  fdiv.o ABSOLUTE
    ../fplib/microlib/fpepilogue.c           0x00000000   Number         0  depilogue.o ABSOLUTE
    ../fplib/microlib/fpepilogue.c           0x00000000   Number         0  fepilogue.o ABSOLUTE
    ../fplib/microlib/fpfix.c                0x00000000   Number         0  ffixui.o ABSOLUTE
    ../fplib/microlib/fpfix.c                0x00000000   Number         0  dfixul.o ABSOLUTE
    ../fplib/microlib/fpflt.c                0x00000000   Number         0  fflti.o ABSOLUTE
    ../fplib/microlib/fpmul.c                0x00000000   Number         0  fmul.o ABSOLUTE
    ../fplib/microlib/fpmul.c                0x00000000   Number         0  dmul.o ABSOLUTE
    ..\..\..\src\common\alloc.c              0x00000000   Number         0  alloc.o ABSOLUTE
    ..\..\..\src\common\assert.c             0x00000000   Number         0  assert.o ABSOLUTE
    ..\..\..\src\common\io.c                 0x00000000   Number         0  io.o ABSOLUTE
    ..\..\..\src\common\memtest.c            0x00000000   Number         0  memtest.o ABSOLUTE
    ..\..\..\src\common\queue.c              0x00000000   Number         0  queue.o ABSOLUTE
    ..\..\..\src\common\stdlib.c             0x00000000   Number         0  stdlib.o ABSOLUTE
    ..\..\..\src\common\uif.c                0x00000000   Number         0  uif.o ABSOLUTE
    ..\..\..\src\cpu\nmi_isr_handler.c       0x00000000   Number         0  nmi_isr_handler.o ABSOLUTE
    ..\..\..\src\cpu\start.c                 0x00000000   Number         0  start.o ABSOLUTE
    ..\..\..\src\cpu\startup_MKL46Z4.s       0x00000000   Number         0  startup_mkl46z4.o ABSOLUTE
    ..\..\..\src\cpu\sysinit.c               0x00000000   Number         0  sysinit.o ABSOLUTE
    ..\..\..\src\cpu\system_MKL46Z4.c        0x00000000   Number         0  system_mkl46z4.o ABSOLUTE
    ..\..\..\src\drivers\cmp\cmp.c           0x00000000   Number         0  cmp.o ABSOLUTE
    ..\..\..\src\drivers\llwu\llwu.c         0x00000000   Number         0  llwu.o ABSOLUTE
    ..\..\..\src\drivers\lptmr\lptmr.c       0x00000000   Number         0  lptmr.o ABSOLUTE
    ..\..\..\src\drivers\mcg\mcg.c           0x00000000   Number         0  mcg.o ABSOLUTE
    ..\..\..\src\drivers\pmc\pmc.c           0x00000000   Number         0  pmc.o ABSOLUTE
    ..\..\..\src\drivers\rcm\rcm.c           0x00000000   Number         0  rcm.o ABSOLUTE
    ..\..\..\src\drivers\rtc\rtc.c           0x00000000   Number         0  rtc.o ABSOLUTE
    ..\..\..\src\drivers\smc\smc.c           0x00000000   Number         0  smc.o ABSOLUTE
    ..\..\..\src\drivers\uart\Retarget.c     0x00000000   Number         0  retarget.o ABSOLUTE
    ..\..\..\src\drivers\uart\Serial.c       0x00000000   Number         0  serial.o ABSOLUTE
    ..\..\..\src\drivers\uart\uart.c         0x00000000   Number         0  uart.o ABSOLUTE
    ..\..\..\src\projects\platinum\platinum.c 0x00000000   Number         0  platinum.o ABSOLUTE
    ..\\..\\..\\src\\common\\alloc.c         0x00000000   Number         0  alloc.o ABSOLUTE
    ..\\..\\..\\src\\common\\assert.c        0x00000000   Number         0  assert.o ABSOLUTE
    ..\\..\\..\\src\\common\\io.c            0x00000000   Number         0  io.o ABSOLUTE
    ..\\..\\..\\src\\common\\queue.c         0x00000000   Number         0  queue.o ABSOLUTE
    ..\\..\\..\\src\\common\\stdlib.c        0x00000000   Number         0  stdlib.o ABSOLUTE
    ..\\..\\..\\src\\common\\uif.c           0x00000000   Number         0  uif.o ABSOLUTE
    ..\\..\\..\\src\\cpu\\nmi_isr_handler.c  0x00000000   Number         0  nmi_isr_handler.o ABSOLUTE
    ..\\..\\..\\src\\cpu\\start.c            0x00000000   Number         0  start.o ABSOLUTE
    ..\\..\\..\\src\\cpu\\sysinit.c          0x00000000   Number         0  sysinit.o ABSOLUTE
    ..\\..\\..\\src\\cpu\\system_MKL46Z4.c   0x00000000   Number         0  system_mkl46z4.o ABSOLUTE
    ..\\..\\..\\src\\drivers\\cmp\\cmp.c     0x00000000   Number         0  cmp.o ABSOLUTE
    ..\\..\\..\\src\\drivers\\llwu\\llwu.c   0x00000000   Number         0  llwu.o ABSOLUTE
    ..\\..\\..\\src\\drivers\\lptmr\\lptmr.c 0x00000000   Number         0  lptmr.o ABSOLUTE
    ..\\..\\..\\src\\drivers\\mcg\\mcg.c     0x00000000   Number         0  mcg.o ABSOLUTE
    ..\\..\\..\\src\\drivers\\pmc\\pmc.c     0x00000000   Number         0  pmc.o ABSOLUTE
    ..\\..\\..\\src\\drivers\\rcm\\rcm.c     0x00000000   Number         0  rcm.o ABSOLUTE
    ..\\..\\..\\src\\drivers\\rtc\\rtc.c     0x00000000   Number         0  rtc.o ABSOLUTE
    ..\\..\\..\\src\\drivers\\smc\\smc.c     0x00000000   Number         0  smc.o ABSOLUTE
    ..\\..\\..\\src\\drivers\\uart\\Serial.c 0x00000000   Number         0  serial.o ABSOLUTE
    ..\\..\\..\\src\\drivers\\uart\\uart.c   0x00000000   Number         0  uart.o ABSOLUTE
    ..\\..\\..\\src\\projects\\platinum\\platinum.c 0x00000000   Number         0  platinum.o ABSOLUTE
    cdrcmple.s                               0x00000000   Number         0  cdrcmple.o ABSOLUTE
    dc.s                                     0x00000000   Number         0  dc.o ABSOLUTE
    handlers.s                               0x00000000   Number         0  handlers.o ABSOLUTE
    init.s                                   0x00000000   Number         0  init.o ABSOLUTE
    .ARM.Collect$$$$00000000                 0x000000c0   Section        0  entry.o(.ARM.Collect$$$$00000000)
    .ARM.Collect$$$$00000001                 0x000000c0   Section        4  entry2.o(.ARM.Collect$$$$00000001)
    .ARM.Collect$$$$00000004                 0x000000c4   Section        4  entry5.o(.ARM.Collect$$$$00000004)
    .ARM.Collect$$$$00000008                 0x000000c8   Section        0  entry7b.o(.ARM.Collect$$$$00000008)
    .ARM.Collect$$$$00000009                 0x000000c8   Section        8  entry8.o(.ARM.Collect$$$$00000009)
    .ARM.Collect$$$$00002712                 0x000000d0   Section        4  entry2.o(.ARM.Collect$$$$00002712)
    __lit__00000000                          0x000000d0   Data           4  entry2.o(.ARM.Collect$$$$00002712)
    .text                                    0x000000d4   Section        0  platinum.o(.text)
    .text                                    0x00000114   Section        0  io.o(.text)
    .text                                    0x0000013c   Section        0  nmi_isr_handler.o(.text)
    .text                                    0x0000019c   Section        0  sysinit.o(.text)
    .text                                    0x000002d0   Section       28  startup_mkl46z4.o(.text)
    .text                                    0x000002ec   Section        0  serial.o(.text)
    .text                                    0x0000030c   Section        0  retarget.o(.text)
    .text                                    0x0000033c   Section        0  uidiv.o(.text)
    .text                                    0x00000368   Section        0  idiv.o(.text)
    .text                                    0x00000390   Section        0  fflti.o(.text)
    .text                                    0x000003a6   Section        0  ffixui.o(.text)
    .text                                    0x000003d0   Section        0  iusefp.o(.text)
    .text                                    0x000003d0   Section       36  init.o(.text)
    i.__scatterload_null                     0x000003f4   Section        2  handlers.o(i.__scatterload_null)
    .ARM.__at_0x400                          0x00000400   Section       16  startup_mkl46z4.o(.ARM.__at_0x400)
    .text                                    0x00000410   Section        0  start.o(.text)
    .text                                    0x00000ac8   Section        0  system_mkl46z4.o(.text)
    .text                                    0x00000c70   Section        0  llwu.o(.text)
    .text                                    0x000011d8   Section        0  mcg.o(.text)
    .text                                    0x00002e30   Section        0  rcm.o(.text)
    .text                                    0x00003154   Section        0  uart.o(.text)
    .text                                    0x0000327c   Section        0  fmul.o(.text)
    .text                                    0x000032f6   Section        0  fdiv.o(.text)
    .text                                    0x00003376   Section        0  uldiv.o(.text)
    .text                                    0x000033d6   Section        0  fepilogue.o(.text)
    .text                                    0x0000345a   Section        0  llshl.o(.text)
    .text                                    0x0000347a   Section        0  llushr.o(.text)
    i.__0printf$8                            0x0000349c   Section        0  printf8.o(i.__0printf$8)
    i.__ARM_common_switch8                   0x000034bc   Section        0  start.o(i.__ARM_common_switch8)
    i.__scatterload_copy                     0x000034d8   Section       14  handlers.o(i.__scatterload_copy)
    i.__scatterload_zeroinit                 0x000034e6   Section       14  handlers.o(i.__scatterload_zeroinit)
    i._printf_core                           0x000034f4   Section        0  printf8.o(i._printf_core)
    _printf_core                             0x000034f5   Thumb Code  1072  printf8.o(i._printf_core)
    i._printf_post_padding                   0x00003924   Section        0  printf8.o(i._printf_post_padding)
    _printf_post_padding                     0x00003925   Thumb Code    32  printf8.o(i._printf_post_padding)
    i._printf_pre_padding                    0x00003944   Section        0  printf8.o(i._printf_pre_padding)
    _printf_pre_padding                      0x00003945   Thumb Code    44  printf8.o(i._printf_pre_padding)
    .constdata                               0x00003970   Section      802  llwu.o(.constdata)
    .data                                    0x20000000   Section       28  sysinit.o(.data)
    .data                                    0x2000001c   Section        4  system_mkl46z4.o(.data)
    .data                                    0x20000020   Section        8  retarget.o(.data)
    STACK                                    0x20000028   Section     1024  startup_mkl46z4.o(STACK)

    Global Symbols

    Symbol Name                              Value     Ov Type        Size  Object(Section)

    BuildAttributes$$THM_ISAv3M$S$PE$A:L22$X:L11$S22$IEEE1$IW$USESV6$~STKCKD$USESV7$~SHL$OTIME$ROPI$EBA8$MICROLIB$REQ8$PRES8$EABIv2 0x00000000   Number         0  anon$$obj.o ABSOLUTE
    __ARM_use_no_argv                        0x00000000   Number         0  platinum.o ABSOLUTE
    __Vectors                                0x00000000   Data           4  startup_mkl46z4.o(RESET)
    __use_no_errno                           0x00000000   Number         0  useno.o ABSOLUTE
    __use_no_exception_handling              0x00000000   Number         0  useno.o ABSOLUTE
    __use_no_fp                              0x00000000   Number         0  useno.o ABSOLUTE
    __use_no_heap                            0x00000000   Number         0  useno.o ABSOLUTE
    __use_no_heap_region                     0x00000000   Number         0  useno.o ABSOLUTE
    __use_no_semihosting                     0x00000000   Number         0  useno.o ABSOLUTE
    __use_no_semihosting_swi                 0x00000000   Number         0  useno.o ABSOLUTE
    __use_no_signal_handling                 0x00000000   Number         0  useno.o ABSOLUTE
    _printf_a                                0x00000000   Number         0  stubs.o ABSOLUTE
    _printf_c                                0x00000000   Number         0  stubs.o ABSOLUTE
    _printf_charcount                        0x00000000   Number         0  stubs.o ABSOLUTE
    _printf_d                                0x00000000   Number         0  stubs.o ABSOLUTE
    _printf_e                                0x00000000   Number         0  stubs.o ABSOLUTE
    _printf_f                                0x00000000   Number         0  stubs.o ABSOLUTE
    _printf_flags                            0x00000000   Number         0  stubs.o ABSOLUTE
    _printf_fp_dec                           0x00000000   Number         0  stubs.o ABSOLUTE
    _printf_fp_hex                           0x00000000   Number         0  stubs.o ABSOLUTE
    _printf_g                                0x00000000   Number         0  stubs.o ABSOLUTE
    _printf_i                                0x00000000   Number         0  stubs.o ABSOLUTE
    _printf_int_dec                          0x00000000   Number         0  stubs.o ABSOLUTE
    _printf_l                                0x00000000   Number         0  stubs.o ABSOLUTE
    _printf_lc                               0x00000000   Number         0  stubs.o ABSOLUTE
    _printf_ll                               0x00000000   Number         0  stubs.o ABSOLUTE
    _printf_lld                              0x00000000   Number         0  stubs.o ABSOLUTE
    _printf_lli                              0x00000000   Number         0  stubs.o ABSOLUTE
    _printf_llo                              0x00000000   Number         0  stubs.o ABSOLUTE
    _printf_llu                              0x00000000   Number         0  stubs.o ABSOLUTE
    _printf_llx                              0x00000000   Number         0  stubs.o ABSOLUTE
    _printf_longlong_dec                     0x00000000   Number         0  stubs.o ABSOLUTE
    _printf_longlong_hex                     0x00000000   Number         0  stubs.o ABSOLUTE
    _printf_longlong_oct                     0x00000000   Number         0  stubs.o ABSOLUTE
    _printf_ls                               0x00000000   Number         0  stubs.o ABSOLUTE
    _printf_mbtowc                           0x00000000   Number         0  stubs.o ABSOLUTE
    _printf_n                                0x00000000   Number         0  stubs.o ABSOLUTE
    _printf_o                                0x00000000   Number         0  stubs.o ABSOLUTE
    _printf_p                                0x00000000   Number         0  stubs.o ABSOLUTE
    _printf_percent                          0x00000000   Number         0  stubs.o ABSOLUTE
    _printf_pre_padding                      0x00000000   Number         0  stubs.o ABSOLUTE
    _printf_return_value                     0x00000000   Number         0  stubs.o ABSOLUTE
    _printf_s                                0x00000000   Number         0  stubs.o ABSOLUTE
    _printf_sizespec                         0x00000000   Number         0  stubs.o ABSOLUTE
    _printf_str                              0x00000000   Number         0  stubs.o ABSOLUTE
    _printf_truncate_signed                  0x00000000   Number         0  stubs.o ABSOLUTE
    _printf_truncate_unsigned                0x00000000   Number         0  stubs.o ABSOLUTE
    _printf_u                                0x00000000   Number         0  stubs.o ABSOLUTE
    _printf_wc                               0x00000000   Number         0  stubs.o ABSOLUTE
    _printf_wctomb                           0x00000000   Number         0  stubs.o ABSOLUTE
    _printf_widthprec                        0x00000000   Number         0  stubs.o ABSOLUTE
    _printf_x                                0x00000000   Number         0  stubs.o ABSOLUTE
    HEAP$$Base                                - Undefined Reference
    HEAP$$Limit                               - Undefined Reference
    __decompress                              - Undefined Weak Reference
    _clock_init                               - Undefined Weak Reference
    __Vectors_End                            0x000000c0   Data           0  startup_mkl46z4.o(RESET)
    __Vectors_Size                           0x000000c0   Number         0  startup_mkl46z4.o ABSOLUTE
    __main                                   0x000000c1   Thumb Code     0  entry.o(.ARM.Collect$$$$00000000)
    _main_stk                                0x000000c1   Thumb Code     0  entry2.o(.ARM.Collect$$$$00000001)
    _main_scatterload                        0x000000c5   Thumb Code     0  entry5.o(.ARM.Collect$$$$00000004)
    __main_after_scatterload                 0x000000c9   Thumb Code     0  entry5.o(.ARM.Collect$$$$00000004)
    _main_clock                              0x000000c9   Thumb Code     0  entry7b.o(.ARM.Collect$$$$00000008)
    _main_init                               0x000000c9   Thumb Code     0  entry8.o(.ARM.Collect$$$$00000009)
    main                                     0x000000d5   Thumb Code    26  platinum.o(.text)
    in_char                                  0x00000115   Thumb Code    10  io.o(.text)
    out_char                                 0x0000011f   Thumb Code    14  io.o(.text)
    char_present                             0x0000012d   Thumb Code    10  io.o(.text)
    NMI_Handler                              0x0000013d   Thumb Code    66  nmi_isr_handler.o(.text)
    enable_NMI_button                        0x0000017f   Thumb Code     8  nmi_isr_handler.o(.text)
    enable_abort_button                      0x0000019d   Thumb Code    24  sysinit.o(.text)
    sysinit                                  0x000001b5   Thumb Code   214  sysinit.o(.text)
    clk_out_init                             0x0000028b   Thumb Code    22  sysinit.o(.text)
    Reset_Handler                            0x000002d1   Thumb Code     8  startup_mkl46z4.o(.text)
    HardFault_Handler                        0x000002db   Thumb Code     2  startup_mkl46z4.o(.text)
    SVC_Handler                              0x000002dd   Thumb Code     2  startup_mkl46z4.o(.text)
    PendSV_Handler                           0x000002df   Thumb Code     2  startup_mkl46z4.o(.text)
    SysTick_Handler                          0x000002e1   Thumb Code     2  startup_mkl46z4.o(.text)
    ADC0_IRQHandler                          0x000002e3   Thumb Code     0  startup_mkl46z4.o(.text)
    CMP0_IRQHandler                          0x000002e3   Thumb Code     0  startup_mkl46z4.o(.text)
    DAC0_IRQHandler                          0x000002e3   Thumb Code     0  startup_mkl46z4.o(.text)
    DMA0_IRQHandler                          0x000002e3   Thumb Code     0  startup_mkl46z4.o(.text)
    DMA1_IRQHandler                          0x000002e3   Thumb Code     0  startup_mkl46z4.o(.text)
    DMA2_IRQHandler                          0x000002e3   Thumb Code     0  startup_mkl46z4.o(.text)
    DMA3_IRQHandler                          0x000002e3   Thumb Code     0  startup_mkl46z4.o(.text)
    DefaultISR                               0x000002e3   Thumb Code     0  startup_mkl46z4.o(.text)
    FTFA_IRQHandler                          0x000002e3   Thumb Code     0  startup_mkl46z4.o(.text)
    I2C0_IRQHandler                          0x000002e3   Thumb Code     0  startup_mkl46z4.o(.text)
    I2C1_IRQHandler                          0x000002e3   Thumb Code     0  startup_mkl46z4.o(.text)
    I2S_IRQHandler                           0x000002e3   Thumb Code     0  startup_mkl46z4.o(.text)
    LCD_IRQHandler                           0x000002e3   Thumb Code     0  startup_mkl46z4.o(.text)
    LPTimer_IRQHandler                       0x000002e3   Thumb Code     0  startup_mkl46z4.o(.text)
    LVD_LVW_IRQHandler                       0x000002e3   Thumb Code     0  startup_mkl46z4.o(.text)
    MCG_IRQHandler                           0x000002e3   Thumb Code     0  startup_mkl46z4.o(.text)
    PIT_IRQHandler                           0x000002e3   Thumb Code     0  startup_mkl46z4.o(.text)
    PORTA_IRQHandler                         0x000002e3   Thumb Code     0  startup_mkl46z4.o(.text)
    PORTD_IRQHandler                         0x000002e3   Thumb Code     0  startup_mkl46z4.o(.text)
    RTC_IRQHandler                           0x000002e3   Thumb Code     0  startup_mkl46z4.o(.text)
    RTC_Seconds_IRQHandler                   0x000002e3   Thumb Code     0  startup_mkl46z4.o(.text)
    Reserved20_IRQHandler                    0x000002e3   Thumb Code     0  startup_mkl46z4.o(.text)
    SPI0_IRQHandler                          0x000002e3   Thumb Code     0  startup_mkl46z4.o(.text)
    SPI1_IRQHandler                          0x000002e3   Thumb Code     0  startup_mkl46z4.o(.text)
    TPM0_IRQHandler                          0x000002e3   Thumb Code     0  startup_mkl46z4.o(.text)
    TPM1_IRQHandler                          0x000002e3   Thumb Code     0  startup_mkl46z4.o(.text)
    TPM2_IRQHandler                          0x000002e3   Thumb Code     0  startup_mkl46z4.o(.text)
    TSI0_IRQHandler                          0x000002e3   Thumb Code     0  startup_mkl46z4.o(.text)
    UART0_IRQHandler                         0x000002e3   Thumb Code     0  startup_mkl46z4.o(.text)
    UART1_IRQHandler                         0x000002e3   Thumb Code     0  startup_mkl46z4.o(.text)
    UART2_IRQHandler                         0x000002e3   Thumb Code     0  startup_mkl46z4.o(.text)
    USB0_IRQHandler                          0x000002e3   Thumb Code     0  startup_mkl46z4.o(.text)
    SER_PutChar                              0x000002ed   Thumb Code    16  serial.o(.text)
    SER_GetChar                              0x000002fd   Thumb Code    10  serial.o(.text)
    fputc                                    0x0000030d   Thumb Code    14  retarget.o(.text)
    fgetc                                    0x0000031b   Thumb Code    10  retarget.o(.text)
    ferror                                   0x00000325   Thumb Code     8  retarget.o(.text)
    _ttywrch                                 0x0000032d   Thumb Code    12  retarget.o(.text)
    _sys_exit                                0x00000339   Thumb Code     4  retarget.o(.text)
    __aeabi_uidiv                            0x0000033d   Thumb Code     0  uidiv.o(.text)
    __aeabi_uidivmod                         0x0000033d   Thumb Code    44  uidiv.o(.text)
    __aeabi_idiv                             0x00000369   Thumb Code     0  idiv.o(.text)
    __aeabi_idivmod                          0x00000369   Thumb Code    40  idiv.o(.text)
    __aeabi_i2f                              0x00000391   Thumb Code    22  fflti.o(.text)
    __aeabi_f2uiz                            0x000003a7   Thumb Code    42  ffixui.o(.text)
    __I$use$fp                               0x000003d1   Thumb Code     0  iusefp.o(.text)
    __scatterload                            0x000003d1   Thumb Code    28  init.o(.text)
    __scatterload_rt2                        0x000003d1   Thumb Code     0  init.o(.text)
    __scatterload_null                       0x000003f5   Thumb Code     2  handlers.o(i.__scatterload_null)
    flash_identify                           0x00000411   Thumb Code   154  start.o(.text)
    cpu_identify                             0x000004ab   Thumb Code  1434  start.o(.text)
    start                                    0x00000a45   Thumb Code    28  start.o(.text)
    SystemInit                               0x00000ac9   Thumb Code    82  system_mkl46z4.o(.text)
    SystemCoreClockUpdate                    0x00000b1b   Thumb Code   310  system_mkl46z4.o(.text)
    llwu_configure                           0x00000c71   Thumb Code   506  llwu.o(.text)
    llwu_configure_filter                    0x00000e6b   Thumb Code    94  llwu.o(.text)
    LLW_IRQHandler                           0x00000ec9   Thumb Code   768  llwu.o(.text)
    pll_init                                 0x000011d9   Thumb Code   714  mcg.o(.text)
    pee_pbe                                  0x000014a3   Thumb Code   108  mcg.o(.text)
    pbe_pee                                  0x0000150f   Thumb Code   250  mcg.o(.text)
    pbe_fbe                                  0x00001609   Thumb Code   110  mcg.o(.text)
    fbe_pbe                                  0x00001677   Thumb Code   282  mcg.o(.text)
    pbe_blpe                                 0x00001791   Thumb Code    66  mcg.o(.text)
    blpe_pbe                                 0x000017d3   Thumb Code   246  mcg.o(.text)
    blpe_fbe                                 0x000018c9   Thumb Code   112  mcg.o(.text)
    fbe_blpe                                 0x00001939   Thumb Code    66  mcg.o(.text)
    fll_freq                                 0x0000197b   Thumb Code   362  mcg.o(.text)
    fbe_fei                                  0x00001ae5   Thumb Code   212  mcg.o(.text)
    fei_fbe                                  0x00001bb9   Thumb Code   400  mcg.o(.text)
    fbe_fee                                  0x00001d49   Thumb Code   288  mcg.o(.text)
    fee_fbe                                  0x00001e69   Thumb Code   106  mcg.o(.text)
    fbe_fbi                                  0x00001ed3   Thumb Code   376  mcg.o(.text)
    fbi_fbe                                  0x0000204b   Thumb Code   412  mcg.o(.text)
    fbi_blpi                                 0x000021e7   Thumb Code   162  mcg.o(.text)
    blpi_fbi                                 0x00002289   Thumb Code   100  mcg.o(.text)
    fbi_fee                                  0x000022ed   Thumb Code   484  mcg.o(.text)
    fee_fbi                                  0x000024d1   Thumb Code   354  mcg.o(.text)
    fbi_fei                                  0x00002633   Thumb Code   264  mcg.o(.text)
    fei_fbi                                  0x0000273b   Thumb Code   308  mcg.o(.text)
    fei_fee                                  0x0000286f   Thumb Code   428  mcg.o(.text)
    fee_fei                                  0x00002a1b   Thumb Code   202  mcg.o(.text)
    what_mcg_mode                            0x00002ae5   Thumb Code   344  mcg.o(.text)
    atc                                      0x00002c3d   Thumb Code   432  mcg.o(.text)
    clk_monitor_0                            0x00002ded   Thumb Code    32  mcg.o(.text)
    outSRS                                   0x00002e31   Thumb Code   352  rcm.o(.text)
    uart_init                                0x00003155   Thumb Code   104  uart.o(.text)
    uart_getchar                             0x000031bd   Thumb Code    16  uart.o(.text)
    uart_putchar                             0x000031cd   Thumb Code    14  uart.o(.text)
    uart_getchar_present                     0x000031db   Thumb Code    10  uart.o(.text)
    uart0_init                               0x000031e5   Thumb Code    96  uart.o(.text)
    uart0_getchar                            0x00003245   Thumb Code    16  uart.o(.text)
    uart0_putchar                            0x00003255   Thumb Code    14  uart.o(.text)
    uart0_getchar_present                    0x00003263   Thumb Code    10  uart.o(.text)
    __aeabi_fmul                             0x0000327d   Thumb Code   122  fmul.o(.text)
    __aeabi_fdiv                             0x000032f7   Thumb Code   128  fdiv.o(.text)
    __aeabi_uldivmod                         0x00003377   Thumb Code    96  uldiv.o(.text)
    _float_round                             0x000033d7   Thumb Code    16  fepilogue.o(.text)
    _float_epilogue                          0x000033e7   Thumb Code   116  fepilogue.o(.text)
    __aeabi_llsl                             0x0000345b   Thumb Code    32  llshl.o(.text)
    _ll_shift_l                              0x0000345b   Thumb Code     0  llshl.o(.text)
    __aeabi_llsr                             0x0000347b   Thumb Code    34  llushr.o(.text)
    _ll_ushift_r                             0x0000347b   Thumb Code     0  llushr.o(.text)
    __0printf$8                              0x0000349d   Thumb Code    24  printf8.o(i.__0printf$8)
    __1printf$8                              0x0000349d   Thumb Code     0  printf8.o(i.__0printf$8)
    __2printf                                0x0000349d   Thumb Code     0  printf8.o(i.__0printf$8)
    __ARM_common_switch8                     0x000034bd   Thumb Code    28  start.o(i.__ARM_common_switch8)
    __scatterload_copy                       0x000034d9   Thumb Code    14  handlers.o(i.__scatterload_copy)
    __scatterload_zeroinit                   0x000034e7   Thumb Code    14  handlers.o(i.__scatterload_zeroinit)
    Region$$Table$$Base                      0x00003c94   Number         0  anon$$obj.o(Region$$Table)
    Region$$Table$$Limit                     0x00003cb4   Number         0  anon$$obj.o(Region$$Table)
    mcg_clk_hz                               0x20000000   Data           4  sysinit.o(.data)
    mcg_clk_khz                              0x20000004   Data           4  sysinit.o(.data)
    core_clk_khz                             0x20000008   Data           4  sysinit.o(.data)
    periph_clk_khz                           0x2000000c   Data           4  sysinit.o(.data)
    pll_clk_khz                              0x20000010   Data           4  sysinit.o(.data)
    uart0_clk_khz                            0x20000014   Data           4  sysinit.o(.data)
    uart0_clk_hz                             0x20000018   Data           4  sysinit.o(.data)
    SystemCoreClock                          0x2000001c   Data           4  system_mkl46z4.o(.data)
    __stdout                                 0x20000020   Data           4  retarget.o(.data)
    __stdin                                  0x20000024   Data           4  retarget.o(.data)
    __initial_sp                             0x20000428   Data           0  startup_mkl46z4.o(STACK)



==============================================================================

Memory Map of the image

  Image Entry point : 0x000000c1

  Load Region LR_IROM1 (Base: 0x00000000, Size: 0x00003cdc, Max: 0x00020000, ABSOLUTE)

    Execution Region ER_IROM1 (Base: 0x00000000, Size: 0x00003cb4, Max: 0x00020000, ABSOLUTE)

    Base Addr    Size         Type   Attr      Idx    E Section Name        Object

    0x00000000   0x000000c0   Data   RO          307    RESET               startup_mkl46z4.o
    0x000000c0   0x00000000   Code   RO          605  * .ARM.Collect$$$$00000000  mc_p.l(entry.o)
    0x000000c0   0x00000004   Code   RO          881    .ARM.Collect$$$$00000001  mc_p.l(entry2.o)
    0x000000c4   0x00000004   Code   RO          884    .ARM.Collect$$$$00000004  mc_p.l(entry5.o)
    0x000000c8   0x00000000   Code   RO          886    .ARM.Collect$$$$00000008  mc_p.l(entry7b.o)
    0x000000c8   0x00000008   Code   RO          887    .ARM.Collect$$$$00000009  mc_p.l(entry8.o)
    0x000000d0   0x00000004   Code   RO          882    .ARM.Collect$$$$00002712  mc_p.l(entry2.o)
    0x000000d4   0x00000040   Code   RO            3    .text               platinum.o
    0x00000114   0x00000028   Code   RO          143    .text               io.o
    0x0000013c   0x00000060   Code   RO          224    .text               nmi_isr_handler.o
    0x0000019c   0x00000134   Code   RO          281    .text               sysinit.o
    0x000002d0   0x0000001c   Code   RO          309    .text               startup_mkl46z4.o
    0x000002ec   0x00000020   Code   RO          559    .text               serial.o
    0x0000030c   0x00000030   Code   RO          580    .text               retarget.o
    0x0000033c   0x0000002c   Code   RO          608    .text               mc_p.l(uidiv.o)
    0x00000368   0x00000028   Code   RO          610    .text               mc_p.l(idiv.o)
    0x00000390   0x00000016   Code   RO          877    .text               mf_p.l(fflti.o)
    0x000003a6   0x0000002a   Code   RO          879    .text               mf_p.l(ffixui.o)
    0x000003d0   0x00000000   Code   RO          890    .text               mc_p.l(iusefp.o)
    0x000003d0   0x00000024   Code   RO          903    .text               mc_p.l(init.o)
    0x000003f4   0x00000002   Code   RO          918    i.__scatterload_null  mc_p.l(handlers.o)
    0x000003f6   0x0000000a   PAD
    0x00000400   0x00000010   Code   RO          308    .ARM.__at_0x400     startup_mkl46z4.o
    0x00000410   0x000006b8   Code   RO          244    .text               start.o
    0x00000ac8   0x000001a8   Code   RO          317    .text               system_mkl46z4.o
    0x00000c70   0x00000568   Code   RO          366    .text               llwu.o
    0x000011d8   0x00001c58   Code   RO          419    .text               mcg.o
    0x00002e30   0x00000324   Code   RO          469    .text               rcm.o
    0x00003154   0x00000128   Code   RO          539    .text               uart.o
    0x0000327c   0x0000007a   Code   RO          873    .text               mf_p.l(fmul.o)
    0x000032f6   0x00000080   Code   RO          875    .text               mf_p.l(fdiv.o)
    0x00003376   0x00000060   Code   RO          888    .text               mc_p.l(uldiv.o)
    0x000033d6   0x00000084   Code   RO          891    .text               mf_p.l(fepilogue.o)
    0x0000345a   0x00000020   Code   RO          905    .text               mc_p.l(llshl.o)
    0x0000347a   0x00000022   Code   RO          907    .text               mc_p.l(llushr.o)
    0x0000349c   0x00000020   Code   RO          819    i.__0printf$8       mc_p.l(printf8.o)
    0x000034bc   0x0000001c   Code   RO          259    i.__ARM_common_switch8  start.o
    0x000034d8   0x0000000e   Code   RO          917    i.__scatterload_copy  mc_p.l(handlers.o)
    0x000034e6   0x0000000e   Code   RO          919    i.__scatterload_zeroinit  mc_p.l(handlers.o)
    0x000034f4   0x00000430   Code   RO          826    i._printf_core      mc_p.l(printf8.o)
    0x00003924   0x00000020   Code   RO          827    i._printf_post_padding  mc_p.l(printf8.o)
    0x00003944   0x0000002c   Code   RO          828    i._printf_pre_padding  mc_p.l(printf8.o)
    0x00003970   0x00000322   Data   RO          367    .constdata          llwu.o
    0x00003c92   0x00000002   PAD
    0x00003c94   0x00000020   Data   RO          915    Region$$Table       anon$$obj.o


    Execution Region RW_IRAM1 (Base: 0x1fffe000, Size: 0x00000000, Max: 0x00002000, ABSOLUTE)

    **** No section assigned to this execution region ****


    Execution Region RW_IRAM2 (Base: 0x20000000, Size: 0x00000428, Max: 0x00006000, ABSOLUTE)

    Base Addr    Size         Type   Attr      Idx    E Section Name        Object

    0x20000000   0x0000001c   Data   RW          282    .data               sysinit.o
    0x2000001c   0x00000004   Data   RW          318    .data               system_mkl46z4.o
    0x20000020   0x00000008   Data   RW          581    .data               retarget.o
    0x20000028   0x00000400   Zero   RW          305    STACK               startup_mkl46z4.o


==============================================================================

Image component sizes


      Code (inc. data)   RO Data    RW Data    ZI Data      Debug   Object Name

        40          6          0          0          0        728   io.o
      1384        468        802          0          0       1618   llwu.o
      7256        404          0          0          0      13738   mcg.o
        96         22          0          0          0        644   nmi_isr_handler.o
        64         38          0          0          0      71927   platinum.o
       804        452          0          0          0        649   rcm.o
        48          0          0          8          0       2918   retarget.o
        32          6          0          0          0        642   serial.o
      1748       1082          0          0          0       1164   start.o
        44         24        192          0       1024        792   startup_mkl46z4.o
       308         48          0         28          0       1231   sysinit.o
       424         42          0          4          0       1133   system_mkl46z4.o
       296         16          0          0          0       2076   uart.o

    ----------------------------------------------------------------------
     12544       2608       1028         40       1024      99260   Object Totals
         0          0         32          0          0          0   (incl. Generated)
         0          0          2          0          0          0   (incl. Padding)

    ----------------------------------------------------------------------

      Code (inc. data)   RO Data    RW Data    ZI Data      Debug   Library Member Name

         0          0          0          0          0          0   entry.o
         8          4          0          0          0          0   entry2.o
         4          0          0          0          0          0   entry5.o
         0          0          0          0          0          0   entry7b.o
         8          4          0          0          0          0   entry8.o
        30          0          0          0          0          0   handlers.o
        40          0          0          0          0         72   idiv.o
        36          8          0          0          0         68   init.o
         0          0          0          0          0          0   iusefp.o
        32          0          0          0          0         68   llshl.o
        34          0          0          0          0         68   llushr.o
      1180         52          0          0          0        324   printf8.o
        44          0          0          0          0         72   uidiv.o
        96          0          0          0          0         84   uldiv.o
       128          0          0          0          0         72   fdiv.o
       132          0          0          0          0        144   fepilogue.o
        42          0          0          0          0         60   ffixui.o
        22          0          0          0          0         68   fflti.o
       122          0          0          0          0         72   fmul.o

    ----------------------------------------------------------------------
      1968         68          0          0          0       1172   Library Totals
        10          0          0          0          0          0   (incl. Padding)

    ----------------------------------------------------------------------

      Code (inc. data)   RO Data    RW Data    ZI Data      Debug   Library Name

      1512         68          0          0          0        756   mc_p.l
       446          0          0          0          0        416   mf_p.l

    ----------------------------------------------------------------------
      1968         68          0          0          0       1172   Library Totals

    ----------------------------------------------------------------------

==============================================================================


      Code (inc. data)   RO Data    RW Data    ZI Data      Debug   

     14512       2676       1028         40       1024      99060   Grand Totals
     14512       2676       1028         40       1024      99060   ELF Image Totals
     14512       2676       1028         40          0          0   ROM Totals

==============================================================================

    Total RO  Size (Code + RO Data)                15540 (  15.18kB)
    Total RW  Size (RW Data + ZI Data)              1064 (   1.04kB)
    Total ROM Size (Code + RO Data + RW Data)      15580 (  15.21kB)

==============================================================================

