Archive member included because of file (symbol)

C:/Freescale/CW MCU v10.4/MCU/ARM_GCC_Support/ewl/lib/armv6-m\libc.a(putchar.o)
                              ./common/uif.o (putchar)
C:/Freescale/CW MCU v10.4/MCU/ARM_GCC_Support/ewl/lib/armv6-m\libc.a(puts.o)
                              ./common/uif.o (puts)
C:/Freescale/CW MCU v10.4/MCU/ARM_GCC_Support/ewl/lib/armv6-m\libc.a(printformat_.o)
                              (__pformatter_)
C:/Freescale/CW MCU v10.4/MCU/ARM_GCC_Support/ewl/lib/armv6-m\libc.a(__putchar.o)
                              C:/Freescale/CW MCU v10.4/MCU/ARM_GCC_Support/ewl/lib/armv6-m\libc.a(putchar.o) (__put_char)
C:/Freescale/CW MCU v10.4/MCU/ARM_GCC_Support/ewl/lib/armv6-m\libc.a(ansi_files.o)
                              C:/Freescale/CW MCU v10.4/MCU/ARM_GCC_Support/ewl/lib/armv6-m\libc.a(putchar.o) (__files)
C:/Freescale/CW MCU v10.4/MCU/ARM_GCC_Support/ewl/lib/armv6-m\libc.a(fflush.o)
                              C:/Freescale/CW MCU v10.4/MCU/ARM_GCC_Support/ewl/lib/armv6-m\libc.a(ansi_files.o) (fflush)
C:/Freescale/CW MCU v10.4/MCU/ARM_GCC_Support/ewl/lib/armv6-m\libc.a(memchr.o)
                              C:/Freescale/CW MCU v10.4/MCU/ARM_GCC_Support/ewl/lib/armv6-m\libc.a(printformat_.o) (memchr)
C:/Freescale/CW MCU v10.4/MCU/ARM_GCC_Support/ewl/lib/armv6-m\libc.a(strchr.o)
                              C:/Freescale/CW MCU v10.4/MCU/ARM_GCC_Support/ewl/lib/armv6-m\libc.a(printformat_.o) (strchr)
C:/Freescale/CW MCU v10.4/MCU/ARM_GCC_Support/ewl/lib/armv6-m\libc.a(__buffer_io.o)
                              C:/Freescale/CW MCU v10.4/MCU/ARM_GCC_Support/ewl/lib/armv6-m\libc.a(__putchar.o) (__prep_buffer)
C:/Freescale/CW MCU v10.4/MCU/ARM_GCC_Support/ewl/lib/armv6-m\libm.a(s_atan.o)
                              ./project/ecompass/sensorCompass.o (atan)
C:/Freescale/CW MCU v10.4/MCU/ARM_GCC_Support/ewl/lib/armv6-m\libm.a(s_cos.o)
                              ./project/ecompass/sensorCompass.o (cos)
C:/Freescale/CW MCU v10.4/MCU/ARM_GCC_Support/ewl/lib/armv6-m\libm.a(s_sin.o)
                              ./project/ecompass/sensorCompass.o (sin)
C:/Freescale/CW MCU v10.4/MCU/ARM_GCC_Support/ewl/lib/armv6-m\libm.a(w_acos.o)
                              ./project/ecompass/sensorCompass.o (acos)
C:/Freescale/CW MCU v10.4/MCU/ARM_GCC_Support/ewl/lib/armv6-m\libm.a(w_asin.o)
                              ./project/ecompass/sensorCompass.o (asin)
C:/Freescale/CW MCU v10.4/MCU/ARM_GCC_Support/ewl/lib/armv6-m\libm.a(w_atan2.o)
                              ./project/ecompass/sensorCompass.o (atan2)
C:/Freescale/CW MCU v10.4/MCU/ARM_GCC_Support/ewl/lib/armv6-m\libm.a(w_pow.o)
                              ./project/ecompass/sensorCompass.o (pow)
C:/Freescale/CW MCU v10.4/MCU/ARM_GCC_Support/ewl/lib/armv6-m\libm.a(w_sqrt.o)
                              ./project/ecompass/sensorCompass.o (sqrt)
C:/Freescale/CW MCU v10.4/MCU/ARM_GCC_Support/ewl/lib/armv6-m\libm.a(e_acos.o)
                              C:/Freescale/CW MCU v10.4/MCU/ARM_GCC_Support/ewl/lib/armv6-m\libm.a(w_acos.o) (__ieee754_acos)
C:/Freescale/CW MCU v10.4/MCU/ARM_GCC_Support/ewl/lib/armv6-m\libm.a(e_asin.o)
                              C:/Freescale/CW MCU v10.4/MCU/ARM_GCC_Support/ewl/lib/armv6-m\libm.a(w_asin.o) (__ieee754_asin)
C:/Freescale/CW MCU v10.4/MCU/ARM_GCC_Support/ewl/lib/armv6-m\libm.a(e_atan2.o)
                              C:/Freescale/CW MCU v10.4/MCU/ARM_GCC_Support/ewl/lib/armv6-m\libm.a(w_atan2.o) (__ieee754_atan2)
C:/Freescale/CW MCU v10.4/MCU/ARM_GCC_Support/ewl/lib/armv6-m\libm.a(e_pow.o)
                              C:/Freescale/CW MCU v10.4/MCU/ARM_GCC_Support/ewl/lib/armv6-m\libm.a(w_pow.o) (__ieee754_pow)
C:/Freescale/CW MCU v10.4/MCU/ARM_GCC_Support/ewl/lib/armv6-m\libm.a(e_rem_pio2.o)
                              C:/Freescale/CW MCU v10.4/MCU/ARM_GCC_Support/ewl/lib/armv6-m\libm.a(s_cos.o) (__ieee754_rem_pio2)
C:/Freescale/CW MCU v10.4/MCU/ARM_GCC_Support/ewl/lib/armv6-m\libm.a(e_sqrt.o)
                              C:/Freescale/CW MCU v10.4/MCU/ARM_GCC_Support/ewl/lib/armv6-m\libm.a(w_sqrt.o) (__ieee754_sqrt)
C:/Freescale/CW MCU v10.4/MCU/ARM_GCC_Support/ewl/lib/armv6-m\libm.a(float.o)
                              C:/Freescale/CW MCU v10.4/MCU/ARM_GCC_Support/ewl/lib/armv6-m\libm.a(e_acos.o) (__double_nan)
C:/Freescale/CW MCU v10.4/MCU/ARM_GCC_Support/ewl/lib/armv6-m\libm.a(k_cos.o)
                              C:/Freescale/CW MCU v10.4/MCU/ARM_GCC_Support/ewl/lib/armv6-m\libm.a(s_cos.o) (__kernel_cos)
C:/Freescale/CW MCU v10.4/MCU/ARM_GCC_Support/ewl/lib/armv6-m\libm.a(k_rem_pio2.o)
                              C:/Freescale/CW MCU v10.4/MCU/ARM_GCC_Support/ewl/lib/armv6-m\libm.a(e_rem_pio2.o) (__kernel_rem_pio2)
C:/Freescale/CW MCU v10.4/MCU/ARM_GCC_Support/ewl/lib/armv6-m\libm.a(k_sin.o)
                              C:/Freescale/CW MCU v10.4/MCU/ARM_GCC_Support/ewl/lib/armv6-m\libm.a(s_cos.o) (__kernel_sin)
[...]
Memory Configuration

Name             Origin             Length             Attributes
m_interrupts     0x00000000         0x00000400         xr
m_vectram        0x1fffe000         0x00000410         xr
m_text           0x00000410         0x0003fbf0         xr
m_data_1FFFF000  0x1fffe410         0x00001bf0         rw
m_data           0x20000000         0x00006000         rw
m_cfmprotrom     0x00000400         0x00000010         xr
*default*        0x00000000         0xffffffff

Linker script and memory map

LOAD ./common/uif.o
LOAD ./common/stdlib.o
LOAD ./common/startup.o
LOAD ./common/queue.o
LOAD ./common/printf.o
LOAD ./common/memtest.o
LOAD ./common/io.o
LOAD ./common/assert.o
LOAD ./common/alloc.o
LOAD ./cpu/vectors.o
LOAD ./cpu/sysinit.o
LOAD ./cpu/start.o
LOAD ./cpu/nmi_isr_handler.o
LOAD ./cpu/cw_crt0.o
LOAD ./cpu/arm_cm0.o
LOAD ./drivers/llwu/llwu.o
LOAD ./drivers/lptmr/lptmr.o
LOAD ./drivers/mcg/mcg.o
LOAD ./drivers/pmc/pmc.o
LOAD ./drivers/rcm/rcm.o
LOAD ./drivers/smc/smc.o
LOAD ./drivers/uart/uart.o
LOAD ./project/I2C/hal_i2c.o
LOAD ./project/I2C/hal_dev_mma8451.o
LOAD ./project/I2C/hal_dev_mag3110.o
LOAD ./project/adc16/adc16.o
LOAD ./project/adc_test/adc_test.o
LOAD ./project/angle_calculation/sqrt16.o
LOAD ./project/angle_calculation/asin.o
LOAD ./project/angle_calculation/angle_cal.o
LOAD ./project/bsp/bsp_KL25.o
LOAD ./project/ecompass/sensorCompass.o
LOAD ./project/global.o
LOAD ./project/GPIO.o
LOAD ./project/FRDMKL46_Demo.o
LOAD ./project/lcd/s401.o
LOAD ./project/lcd/LCD.o
LOAD ./project/median/median.o
LOAD ./project/pit/pit.o
LOAD ./project/task_mgr/task_mgr.o
LOAD ./project/tsi/TSIDrv.o
LOAD ./project/usb/usb_reg.o
LOAD ./project/usb/usb_cdc.o
LOAD ./project/usb/usb.o
LOAD ./project/usb/ring_buffer.o
                0x0000b0d0                __pformatter = __pformatter_
START GROUP
LOAD C:/Freescale/CW MCU v10.4/MCU/ARM_GCC_Support/ewl/lib/armv6-m\libc.a
LOAD C:/Freescale/CW MCU v10.4/MCU/ARM_GCC_Support/ewl/lib/armv6-m\libm.a
LOAD c:/freescale/cw mcu v10.4/cross_tools/arm-none-eabi-gcc-4_7_3/bin/../lib/gcc/arm-none-eabi/4.7.3/armv6-m\libgcc.a
LOAD C:/Freescale/CW MCU v10.4/MCU/ARM_GCC_Support/ewl/lib/armv6-m\libuart.a
LOAD C:/Freescale/CW MCU v10.4/MCU/ARM_GCC_Support/ewl/lib/armv6-m\librt.a
END GROUP
                0x20002ff8                _estack = 0x20002ff8
                0x20002ff8                __SP_INIT = _estack
                0x00000800                __heap_size = 0x800
                0x00000600                __stack_size = 0x600

.interrupts     0x00000000      0x400
                0x00000000                __vector_table = .
                0x00000000                . = ALIGN (0x4)
 *(.vectortable)
 .vectortable   0x00000000      0x400 ./cpu/vectors.o
                0x00000400                . = ALIGN (0x4)

.ram_vectors    0x1fffe000        0x0
                0x1fffe000                __vector_ram = .
                0x1fffe000                . = ALIGN (0x4)

.cfmprotect     0x00000400       0x10
                0x00000400                . = ALIGN (0x4)
 *(.cfmconfig)
 .cfmconfig     0x00000400       0x10 ./cpu/vectors.o
                0x00000400                flash_config
                0x00000410                . = ALIGN (0x4)

.text           0x00000410     0xf360
                0x00000410                . = ALIGN (0x4)
 *(.text)
 .text          0x00000410       0x18 ./cpu/cw_crt0.o
                0x00000410                __startup
                0x00000410                startup
 .text          0x00000428       0x14 c:/freescale/cw mcu v10.4/cross_tools/arm-none-eabi-gcc-4_7_3/bin/../lib/gcc/arm-none-eabi/4.7.3/armv6-m\libgcc.a(_thumb1_case_uqi.o)
                0x00000428                __gnu_thumb1_case_uqi
 .text          0x0000043c       0x9c c:/freescale/cw mcu v10.4/cross_tools/arm-none-eabi-gcc-4_7_3/bin/../lib/gcc/arm-none-eabi/4.7.3/armv6-m\libgcc.a(_udivsi3.o)
                0x0000043c                __aeabi_uidiv
                0x0000043c                __udivsi3
                0x000004c4                __aeabi_uidivmod
 .text          0x000004d8       0xc0 c:/freescale/cw mcu v10.4/cross_tools/arm-none-eabi-gcc-4_7_3/bin/../lib/gcc/arm-none-eabi/4.7.3/armv6-m\libgcc.a(_divsi3.o)
                0x000004d8                __divsi3
                0x000004d8                __aeabi_idiv
                0x00000584                __aeabi_idivmod
 .text          0x00000598        0x4 c:/freescale/cw mcu v10.4/cross_tools/arm-none-eabi-gcc-4_7_3/bin/../lib/gcc/arm-none-eabi/4.7.3/armv6-m\libgcc.a(_dvmd_tls.o)
                0x00000598                __aeabi_idiv0
                0x00000598                __aeabi_ldiv0
 .text          0x0000059c       0x7c c:/freescale/cw mcu v10.4/cross_tools/arm-none-eabi-gcc-4_7_3/bin/../lib/gcc/arm-none-eabi/4.7.3/armv6-m\libgcc.a(_arm_cmpdf2.o)
                0x0000059c                __aeabi_cdrcmple
                0x000005ac                __aeabi_cdcmple
                0x000005ac                __aeabi_cdcmpeq
                0x000005bc                __aeabi_dcmpeq
                0x000005c8                __aeabi_dcmplt
                0x000005dc                __aeabi_dcmple
                0x000005f0                __aeabi_dcmpgt
                0x00000604                __aeabi_dcmpge
 .text          0x00000618       0x74 c:/freescale/cw mcu v10.4/cross_tools/arm-none-eabi-gcc-4_7_3/bin/../lib/gcc/arm-none-eabi/4.7.3/armv6-m\libgcc.a(_arm_cmpsf2.o)
                0x00000618                __aeabi_cfrcmple
                0x00000620                __aeabi_cfcmpeq
                0x00000620                __aeabi_cfcmple
                0x00000630                __aeabi_fcmpeq
                0x0000063c                __aeabi_fcmplt
                0x00000650                __aeabi_fcmple
                0x00000664                __aeabi_fcmpgt
                0x00000678                __aeabi_fcmpge
 .text          0x0000068c      0x3a4 c:/freescale/cw mcu v10.4/cross_tools/arm-none-eabi-gcc-4_7_3/bin/../lib/gcc/arm-none-eabi/4.7.3/armv6-m\libgcc.a(addsf3.o)
                0x0000068c                __aeabi_fadd
 .text          0x00000a30      0x274 c:/freescale/cw mcu v10.4/cross_tools/arm-none-eabi-gcc-4_7_3/bin/../lib/gcc/arm-none-eabi/4.7.3/armv6-m\libgcc.a(divsf3.o)
                0x00000a30                __aeabi_fdiv
 .text          0x00000ca4       0x50 c:/freescale/cw mcu v10.4/cross_tools/arm-none-eabi-gcc-4_7_3/bin/../lib/gcc/arm-none-eabi/4.7.3/armv6-m\libgcc.a(eqsf2.o)
                0x00000ca4                __eqsf2
                0x00000ca4                __nesf2
 .text          0x00000cf4       0x90 c:/freescale/cw mcu v10.4/cross_tools/arm-none-eabi-gcc-4_7_3/bin/../lib/gcc/arm-none-eabi/4.7.3/armv6-m\libgcc.a(gesf2.o)
                0x00000cf4                __gesf2
                0x00000cf4                __gtsf2
 .text          0x00000d84       0x90 c:/freescale/cw mcu v10.4/cross_tools/arm-none-eabi-gcc-4_7_3/bin/../lib/gcc/arm-none-eabi/4.7.3/armv6-m\libgcc.a(lesf2.o)
                0x00000d84                __ltsf2
                0x00000d84                __lesf2
 .text          0x00000e14      0x260 c:/freescale/cw mcu v10.4/cross_tools/arm-none-eabi-gcc-4_7_3/bin/../lib/gcc/arm-none-eabi/4.7.3/armv6-m\libgcc.a(mulsf3.o)
                0x00000e14                __aeabi_fmul
 .text          0x00001074      0x3ac c:/freescale/cw mcu v10.4/cross_tools/arm-none-eabi-gcc-4_7_3/bin/../lib/gcc/arm-none-eabi/4.7.3/armv6-m\libgcc.a(subsf3.o)
                0x00001074                __aeabi_fsub
 .text          0x00001420       0x40 c:/freescale/cw mcu v10.4/cross_tools/arm-none-eabi-gcc-4_7_3/bin/../lib/gcc/arm-none-eabi/4.7.3/armv6-m\libgcc.a(fixsfsi.o)
                0x00001420                __aeabi_f2iz
 .text          0x00001460       0xa8 c:/freescale/cw mcu v10.4/cross_tools/arm-none-eabi-gcc-4_7_3/bin/../lib/gcc/arm-none-eabi/4.7.3/armv6-m\libgcc.a(floatsisf.o)
                0x00001460                __aeabi_i2f
 .text          0x00001508      0x758 c:/freescale/cw mcu v10.4/cross_tools/arm-none-eabi-gcc-4_7_3/bin/../lib/gcc/arm-none-eabi/4.7.3/armv6-m\libgcc.a(adddf3.o)
                0x00001508                __aeabi_dadd
 .text          0x00001c60      0x5b8 c:/freescale/cw mcu v10.4/cross_tools/arm-none-eabi-gcc-4_7_3/bin/../lib/gcc/arm-none-eabi/4.7.3/armv6-m\libgcc.a(divdf3.o)
                0x00001c60                __aeabi_ddiv
 .text          0x00002218       0x7c c:/freescale/cw mcu v10.4/cross_tools/arm-none-eabi-gcc-4_7_3/bin/../lib/gcc/arm-none-eabi/4.7.3/armv6-m\libgcc.a(eqdf2.o)
                0x00002218                __nedf2
                0x00002218                __eqdf2
 .text          0x00002294       0xe8 c:/freescale/cw mcu v10.4/cross_tools/arm-none-eabi-gcc-4_7_3/bin/../lib/gcc/arm-none-eabi/4.7.3/armv6-m\libgcc.a(gedf2.o)
                0x00002294                __gedf2
                0x00002294                __gtdf2
 .text          0x0000237c       0xd8 c:/freescale/cw mcu v10.4/cross_tools/arm-none-eabi-gcc-4_7_3/bin/../lib/gcc/arm-none-eabi/4.7.3/armv6-m\libgcc.a(ledf2.o)
                0x0000237c                __ledf2
                0x0000237c                __ltdf2
 .text          0x00002454      0x4e4 c:/freescale/cw mcu v10.4/cross_tools/arm-none-eabi-gcc-4_7_3/bin/../lib/gcc/arm-none-eabi/4.7.3/armv6-m\libgcc.a(muldf3.o)
                0x00002454                __aeabi_dmul
 .text          0x00002938      0x6f8 c:/freescale/cw mcu v10.4/cross_tools/arm-none-eabi-gcc-4_7_3/bin/../lib/gcc/arm-none-eabi/4.7.3/armv6-m\libgcc.a(subdf3.o)
                0x00002938                __aeabi_dsub
 .text          0x00003030       0x68 c:/freescale/cw mcu v10.4/cross_tools/arm-none-eabi-gcc-4_7_3/bin/../lib/gcc/arm-none-eabi/4.7.3/armv6-m\libgcc.a(fixdfsi.o)
                0x00003030                __aeabi_d2iz
 .text          0x00003098       0x74 c:/freescale/cw mcu v10.4/cross_tools/arm-none-eabi-gcc-4_7_3/bin/../lib/gcc/arm-none-eabi/4.7.3/armv6-m\libgcc.a(floatsidf.o)
                0x00003098                __aeabi_i2d
 .text          0x0000310c       0xa8 c:/freescale/cw mcu v10.4/cross_tools/arm-none-eabi-gcc-4_7_3/bin/../lib/gcc/arm-none-eabi/4.7.3/armv6-m\libgcc.a(extendsfdf2.o)
                0x0000310c                __aeabi_f2d
 .text          0x000031b4      0x134 c:/freescale/cw mcu v10.4/cross_tools/arm-none-eabi-gcc-4_7_3/bin/../lib/gcc/arm-none-eabi/4.7.3/armv6-m\libgcc.a(truncdfsf2.o)
                0x000031b4                __aeabi_d2f
 .text          0x000032e8       0x3c c:/freescale/cw mcu v10.4/cross_tools/arm-none-eabi-gcc-4_7_3/bin/../lib/gcc/arm-none-eabi/4.7.3/armv6-m\libgcc.a(_clzsi2.o)
                0x000032e8                __clzsi2
 *(.text*)
 .text.strlen   0x00003324       0x44 ./common/stdlib.o
                0x00003324                strlen
 .text.common_startup
                0x00003368       0xcc ./common/startup.o
                0x00003368                common_startup
 .text.printk_putc
                0x00003434       0x50 ./common/printf.o
 .text.printk_mknumstr
                0x00003484      0x100 ./common/printf.o
 .text.printk_pad_zero
                0x00003584       0x38 ./common/printf.o
 .text.printk_pad_space
                0x000035bc       0x38 ./common/printf.o
 .text.printk   0x000035f4      0x588 ./common/printf.o
                0x000035f4                printk
 .text.printf   0x00003b7c       0x44 ./common/printf.o
                0x00003b7c                printf
 .text.sprintf  0x00003bc0       0x5c ./common/printf.o
                0x00003bc0                sprintf
 .text.in_char  0x00003c1c       0x18 ./common/io.o
                0x00003c1c                in_char
 .text.out_char
                0x00003c34       0x24 ./common/io.o
                0x00003c34                out_char
 .text.default_isr
                0x00003c58       0x20 ./cpu/vectors.o
                0x00003c58                default_isr
 .text.NMI_isr  0x00003c78       0x40 ./cpu/vectors.o
                0x00003c78                NMI_isr
 .text.abort_isr
                0x00003cb8       0x28 ./cpu/vectors.o
                0x00003cb8                abort_isr
 .text.sysinit  0x00003ce0      0x15c ./cpu/sysinit.o
                0x00003ce0                sysinit
 .text.enable_abort_button
                0x00003e3c       0x2c ./cpu/sysinit.o
                0x00003e3c                enable_abort_button
 .text.start    0x00003e68       0x34 ./cpu/start.o
                0x00003e68                start
 .text.cpu_identify
                0x00003e9c      0x2c0 ./cpu/start.o
                0x00003e9c                cpu_identify
 .text.flash_identify
                0x0000415c      0x10c ./cpu/start.o
                0x0000415c                flash_identify
 .text.write_vtor
                0x00004268       0x20 ./cpu/arm_cm0.o
                0x00004268                write_vtor
 .text.enable_irq
                0x00004288       0x7c ./cpu/arm_cm0.o
                0x00004288                enable_irq
 .text.pll_init
                0x00004304      0x548 ./drivers/mcg/mcg.o
                0x00004304                pll_init
 .text.outSRS   0x0000484c      0x234 ./drivers/rcm/rcm.o
                0x0000484c                outSRS
 .text.uart0_init
                0x00004a80      0x230 ./drivers/uart/uart.o
                0x00004a80                uart0_init
 .text.uart0_getchar
                0x00004cb0       0x28 ./drivers/uart/uart.o
                0x00004cb0                uart0_getchar
 .text.uart0_putchar
                0x00004cd8       0x2c ./drivers/uart/uart.o
                0x00004cd8                uart0_putchar
 .text.uart0_getchar_present
                0x00004d04       0x1c ./drivers/uart/uart.o
                0x00004d04                uart0_getchar_present
 .text.__read_console
                0x00004d20       0x38 ./drivers/uart/uart.o
                0x00004d20                __read_console
 .text.__write_console
                0x00004d58       0x4c ./drivers/uart/uart.o
                0x00004d58                __write_console
 .text.__close_console
                0x00004da4       0x14 ./drivers/uart/uart.o
                0x00004da4                __close_console
 .text.i2c_set_tx_mode
                0x00004db8       0x20 ./project/I2C/hal_i2c.o
                0x00004db8                i2c_set_tx_mode
 .text.i2c_set_rx_mode
                0x00004dd8       0x20 ./project/I2C/hal_i2c.o
                0x00004dd8                i2c_set_rx_mode
 .text.i2c_set_slave_mode
                0x00004df8       0x20 ./project/I2C/hal_i2c.o
                0x00004df8                i2c_set_slave_mode
 .text.i2c_set_master_mode
                0x00004e18       0x20 ./project/I2C/hal_i2c.o
                0x00004e18                i2c_set_master_mode
 .text.i2c_give_nack
                0x00004e38       0x20 ./project/I2C/hal_i2c.o
                0x00004e38                i2c_give_nack
 .text.i2c_repeated_start
                0x00004e58       0x20 ./project/I2C/hal_i2c.o
                0x00004e58                i2c_repeated_start
 .text.i2c_write_byte
                0x00004e78       0x1c ./project/I2C/hal_i2c.o
                0x00004e78                i2c_write_byte
 .text.i2c_read_byte
                0x00004e94       0x18 ./project/I2C/hal_i2c.o
                0x00004e94                i2c_read_byte
 .text.i2c_start
                0x00004eac       0x20 ./project/I2C/hal_i2c.o
                0x00004eac                i2c_start
 .text.i2c_stop
                0x00004ecc       0x20 ./project/I2C/hal_i2c.o
                0x00004ecc                i2c_stop
 .text.i2c_wait
                0x00004eec       0x30 ./project/I2C/hal_i2c.o
                0x00004eec                i2c_wait
 .text.i2c_get_ack
                0x00004f1c       0x24 ./project/I2C/hal_i2c.o
                0x00004f1c                i2c_get_ack
 .text.hal_i2c0_init
                0x00004f40       0x5c ./project/I2C/hal_i2c.o
                0x00004f40                hal_i2c0_init
 .text.hal_dev_mma8451_init
                0x00004f9c       0x14 ./project/I2C/hal_dev_mma8451.o
                0x00004f9c                hal_dev_mma8451_init
 .text.pause    0x00004fb0       0x20 ./project/I2C/hal_dev_mma8451.o
 .text.hal_dev_mma8451_read_reg
                0x00004fd0       0xc4 ./project/I2C/hal_dev_mma8451.o
                0x00004fd0                hal_dev_mma8451_read_reg
 .text.hal_dev_mma8451_write_reg
                0x00005094       0x88 ./project/I2C/hal_dev_mma8451.o
                0x00005094                hal_dev_mma8451_write_reg
 .text.accel_init
                0x0000511c       0x30 ./project/I2C/hal_dev_mma8451.o
                0x0000511c                accel_init
 .text.iAcclReadX
                0x0000514c       0x90 ./project/I2C/hal_dev_mma8451.o
                0x0000514c                iAcclReadX
 .text.iAcclReadY
                0x000051dc       0x90 ./project/I2C/hal_dev_mma8451.o
                0x000051dc                iAcclReadY
 .text.iAcclReadZ
                0x0000526c       0x90 ./project/I2C/hal_dev_mma8451.o
                0x0000526c                iAcclReadZ
 .text.hal_dev_mag3110_init
                0x000052fc        0x8 ./project/I2C/hal_dev_mag3110.o
                0x000052fc                hal_dev_mag3110_init
 .text.pause    0x00005304       0x20 ./project/I2C/hal_dev_mag3110.o
 .text.hal_dev_mag3110_read_reg
                0x00005324       0xc4 ./project/I2C/hal_dev_mag3110.o
                0x00005324                hal_dev_mag3110_read_reg
 .text.hal_dev_mag3110_write_reg
                0x000053e8       0x88 ./project/I2C/hal_dev_mag3110.o
                0x000053e8                hal_dev_mag3110_write_reg
 .text.mag_init
                0x00005470       0x24 ./project/I2C/hal_dev_mag3110.o
                0x00005470                mag_init
 .text.iMagReadX
                0x00005494       0x74 ./project/I2C/hal_dev_mag3110.o
                0x00005494                iMagReadX
 .text.iMagReadY
                0x00005508       0x74 ./project/I2C/hal_dev_mag3110.o
                0x00005508                iMagReadY
 .text.iMagReadZ
                0x0000557c       0x74 ./project/I2C/hal_dev_mag3110.o
                0x0000557c                iMagReadZ
 .text.ADC_Cal  0x000055f0      0x1b4 ./project/adc16/adc16.o
                0x000055f0                ADC_Cal
 .text.ADC_Config_Alt
                0x000057a4       0x60 ./project/adc16/adc16.o
                0x000057a4                ADC_Config_Alt
 .text.ADC_Read_Cal
                0x00005804       0xbc ./project/adc16/adc16.o
                0x00005804                ADC_Read_Cal
 .text.adc_init
                0x000058c0       0xe8 ./project/adc_test/adc_test.o
                0x000058c0                adc_init
 .text.adc_read
                0x000059a8       0x38 ./project/adc_test/adc_test.o
                0x000059a8                adc_read
 .text.vfnInitUSBClock
                0x000059e0       0xb8 ./project/bsp/bsp_KL25.o
                0x000059e0                vfnInitUSBClock
 .text.fll_init
                0x00005a98        0x8 ./project/bsp/bsp_KL25.o
                0x00005a98                fll_init
 .text.fSixDOFMyNEDSensorDrivers
                0x00005aa0       0x6c ./project/ecompass/sensorCompass.o
                0x00005aa0                fSixDOFMyNEDSensorDrivers
 .text.fintToFloatData
                0x00005b0c       0xf4 ./project/ecompass/sensorCompass.o
                0x00005b0c                fintToFloatData
 .text.fUpdateMagnetometerBuffer
                0x00005c00      0x3f8 ./project/ecompass/sensorCompass.o
                0x00005c00                fUpdateMagnetometerBuffer
 .text.fInvertMagCal
                0x00005ff8      0x1d4 ./project/ecompass/sensorCompass.o
                0x00005ff8                fInvertMagCal
 .text.feCompassNED
                0x000061cc      0x628 ./project/ecompass/sensorCompass.o
                0x000061cc                feCompassNED
 .text.fCalibrationUpdate
                0x000067f4      0x174 ./project/ecompass/sensorCompass.o
                0x000067f4                fCalibrationUpdate
 .text.fUpdateCalibration7EIG
                0x00006968      0x7b0 ./project/ecompass/sensorCompass.o
                0x00006968                fUpdateCalibration7EIG
 .text.fmatrixAeqB
                0x00007118       0x64 ./project/ecompass/sensorCompass.o
                0x00007118                fmatrixAeqB
 .text.fmatrixAeqTrBxC
                0x0000717c       0xc4 ./project/ecompass/sensorCompass.o
                0x0000717c                fmatrixAeqTrBxC
 .text.eigencompute
                0x00007240      0x6b8 ./project/ecompass/sensorCompass.o
                0x00007240                eigencompute
 .text.fmatrixAeqAxScalar
                0x000078f8       0x6c ./project/ecompass/sensorCompass.o
                0x000078f8                fmatrixAeqAxScalar
 .text.fmatrixAeqBxC
                0x00007964       0xc4 ./project/ecompass/sensorCompass.o
                0x00007964                fmatrixAeqBxC
 .text.fmatrixAeqI
                0x00007a28       0x64 ./project/ecompass/sensorCompass.o
                0x00007a28                fmatrixAeqI
 .text.fLPFOrientationMatrix
                0x00007a8c      0x194 ./project/ecompass/sensorCompass.o
                0x00007a8c                fLPFOrientationMatrix
 .text.fmatrixAeqBxTrC
                0x00007c20       0xc4 ./project/ecompass/sensorCompass.o
                0x00007c20                fmatrixAeqBxTrC
 .text.fAxisAngleDegFromRotationMatrix
                0x00007ce4      0x414 ./project/ecompass/sensorCompass.o
                0x00007ce4                fAxisAngleDegFromRotationMatrix
 .text.fRotationMatrixFromAxisAngleDeg
                0x000080f8      0x458 ./project/ecompass/sensorCompass.o
                0x000080f8                fRotationMatrixFromAxisAngleDeg
 .text.fNEDAnglesDegFromRotationMatrix
                0x00008550      0x174 ./project/ecompass/sensorCompass.o
                0x00008550                fNEDAnglesDegFromRotationMatrix
 .text.fNEDRotationMatrixFromAnglesDeg
                0x000086c4      0x24c ./project/ecompass/sensorCompass.o
                0x000086c4                fNEDRotationMatrixFromAnglesDeg
 .text.fQuaternionFromRotationMatrix
                0x00008910      0x27c ./project/ecompass/sensorCompass.o
                0x00008910                fQuaternionFromRotationMatrix
 .text.ResetMagCalibrationFunc
                0x00008b8c       0xdc ./project/ecompass/sensorCompass.o
                0x00008b8c                ResetMagCalibrationFunc
 .text.ControlLoopCompass
                0x00008c68      0x110 ./project/ecompass/sensorCompass.o
                0x00008c68                ControlLoopCompass
 .text.eCompassInit
                0x00008d78      0x280 ./project/ecompass/sensorCompass.o
                0x00008d78                eCompassInit
 .text.Conversion
                0x00008ff8       0x50 ./project/ecompass/sensorCompass.o
                0x00008ff8                Conversion
 .text.CalPercentage
                0x00009048       0x44 ./project/ecompass/sensorCompass.o
                0x00009048                CalPercentage
 .text.gpio_init
                0x0000908c       0x90 ./project/GPIO.o
                0x0000908c                gpio_init
 .text.input_rise
                0x0000911c       0x44 ./project/GPIO.o
                0x0000911c                input_rise
 .text.vfnMcuConfig
                0x00009160      0x168 ./project/FRDMKL46_Demo.o
                0x00009160                vfnMcuConfig
 .text.vfn_led_test
                0x000092c8       0xf4 ./project/FRDMKL46_Demo.o
                0x000092c8                vfn_led_test
 .text.usb_init
                0x000093bc       0x48 ./project/FRDMKL46_Demo.o
                0x000093bc                usb_init
 .text.usb_service
                0x00009404       0x90 ./project/FRDMKL46_Demo.o
                0x00009404                usb_service
 .text.tpm_init
                0x00009494       0x60 ./project/FRDMKL46_Demo.o
                0x00009494                tpm_init
 .text.task_test_lcd
                0x000094f4      0x12c ./project/FRDMKL46_Demo.o
                0x000094f4                task_test_lcd
 .text.task_test_slider
                0x00009620      0x114 ./project/FRDMKL46_Demo.o
                0x00009620                task_test_slider
 .text.task_ecompass
                0x00009734       0xec ./project/FRDMKL46_Demo.o
                0x00009734                task_ecompass
 .text.task_light_sensor
                0x00009820       0xa0 ./project/FRDMKL46_Demo.o
                0x00009820                task_light_sensor
 .text.main     0x000098c0      0x1cc ./project/FRDMKL46_Demo.o
                0x000098c0                main
 .text.vfnLCD_Init
                0x00009a8c       0x98 ./project/lcd/LCD.o
                0x00009a8c                vfnLCD_Init
 .text.vfnEnablePins
                0x00009b24       0xfc ./project/lcd/LCD.o
                0x00009b24                vfnEnablePins
 .text.vfnLCD_Write_Msg
                0x00009c20       0x88 ./project/lcd/LCD.o
                0x00009c20                vfnLCD_Write_Msg
 .text.vfnLCD_Write_Char
                0x00009ca8       0xe8 ./project/lcd/LCD.o
                0x00009ca8                vfnLCD_Write_Char
 .text.vfnLCD_interrupt_init
                0x00009d90        0x8 ./project/lcd/LCD.o
                0x00009d90                vfnLCD_interrupt_init
 .text.median   0x00009d98       0xd8 ./project/median/median.o
                0x00009d98                median
 .text.Pit_init
                0x00009e70       0x74 ./project/pit/pit.o
                0x00009e70                Pit_init
 .text.Pit1_isrv
                0x00009ee4       0xc0 ./project/pit/pit.o
                0x00009ee4                Pit1_isrv
 .text.TSI_SelfCalibration
                0x00009fa4      0x130 ./project/tsi/TSIDrv.o
                0x00009fa4                TSI_SelfCalibration
 .text.TSI_Init
                0x0000a0d4       0x5c ./project/tsi/TSIDrv.o
                0x0000a0d4                TSI_Init
 .text.change_electrode
                0x0000a130       0xcc ./project/tsi/TSIDrv.o
                0x0000a130                change_electrode
 .text.TSI_SliderRead
                0x0000a1fc      0x130 ./project/tsi/TSIDrv.o
                0x0000a1fc                TSI_SliderRead
 .text.TSI_ISR  0x0000a32c       0x28 ./project/tsi/TSIDrv.o
                0x0000a32c                TSI_ISR
 .text.CDC_Init
                0x0000a354       0x4c ./project/usb/usb_cdc.o
                0x0000a354                CDC_Init
 .text.CDC_InterfaceReq_Handler
                0x0000a3a0       0xac ./project/usb/usb_cdc.o
                0x0000a3a0                CDC_InterfaceReq_Handler
 .text.LWordSwap
                0x0000a44c       0x44 ./project/usb/usb_cdc.o
                0x0000a44c                LWordSwap
 .text.USB_Init
                0x0000a490       0xf4 ./project/usb/usb.o
                0x0000a490                USB_Init
 .text.EP_IN_Transfer
                0x0000a584      0x1e4 ./project/usb/usb.o
                0x0000a584                EP_IN_Transfer
 .text.USB_EP_OUT_SizeCheck
                0x0000a768       0x50 ./project/usb/usb.o
                0x0000a768                USB_EP_OUT_SizeCheck
 .text.USB_Set_Interface
                0x0000a7b8       0x8c ./project/usb/usb.o
                0x0000a7b8                USB_Set_Interface
 .text.USB_StdReq_Handler
                0x0000a844      0x118 ./project/usb/usb.o
                0x0000a844                USB_StdReq_Handler
 .text.USB_Setup_Handler
                0x0000a95c       0xa4 ./project/usb/usb.o
                0x0000a95c                USB_Setup_Handler
 .text.USB_Endpoint_Setup_Handler
                0x0000aa00       0xb8 ./project/usb/usb.o
                0x0000aa00                USB_Endpoint_Setup_Handler
 .text.USB_Handler
                0x0000aab8       0x9c ./project/usb/usb.o
                0x0000aab8                USB_Handler
 .text.USB_EP0_IN_Handler
                0x0000ab54       0x4c ./project/usb/usb.o
                0x0000ab54                USB_EP0_IN_Handler
 .text.USB_EP0_Stall
                0x0000aba0       0x30 ./project/usb/usb.o
                0x0000aba0                USB_EP0_Stall
 .text.USB_EP0_OUT_Handler
                0x0000abd0       0x24 ./project/usb/usb.o
                0x0000abd0                USB_EP0_OUT_Handler
 .text.USB_Stall_Handler
                0x0000abf4       0x48 ./project/usb/usb.o
                0x0000abf4                USB_Stall_Handler
 .text.USB_Reset_Handler
                0x0000ac3c      0x144 ./project/usb/usb.o
                0x0000ac3c                USB_Reset_Handler
 .text.USB_ISR  0x0000ad80       0xdc ./project/usb/usb.o
                0x0000ad80                USB_ISR
 .text.Buffer_Init
                0x0000ae5c       0x5c ./project/usb/ring_buffer.o
                0x0000ae5c                Buffer_Init
 .text.putchar  0x0000aeb8       0x28 C:/Freescale/CW MCU v10.4/MCU/ARM_GCC_Support/ewl/lib/armv6-m\libc.a(putchar.o)
                0x0000aeb8                putchar
 .text.puts     0x0000aee0       0x54 C:/Freescale/CW MCU v10.4/MCU/ARM_GCC_Support/ewl/lib/armv6-m\libc.a(puts.o)
                0x0000aee0                puts
 .text.long2str.isra.0
                0x0000af34      0x19c C:/Freescale/CW MCU v10.4/MCU/ARM_GCC_Support/ewl/lib/armv6-m\libc.a(printformat_.o)
 .text.__pformatter_
                0x0000b0d0      0x428 C:/Freescale/CW MCU v10.4/MCU/ARM_GCC_Support/ewl/lib/armv6-m\libc.a(printformat_.o)
                0x0000b0d0                __pformatter_
 .text.__put_char
                0x0000b4f8       0x90 C:/Freescale/CW MCU v10.4/MCU/ARM_GCC_Support/ewl/lib/armv6-m\libc.a(__putchar.o)
                0x0000b4f8                __put_char
 .text.memchr   0x0000b588       0x1a C:/Freescale/CW MCU v10.4/MCU/ARM_GCC_Support/ewl/lib/armv6-m\libc.a(memchr.o)
                0x0000b588                memchr
 .text.strchr   0x0000b5a2       0x1e C:/Freescale/CW MCU v10.4/MCU/ARM_GCC_Support/ewl/lib/armv6-m\libc.a(strchr.o)
                0x0000b5a2                strchr
 .text.__prep_buffer
                0x0000b5c0       0x14 C:/Freescale/CW MCU v10.4/MCU/ARM_GCC_Support/ewl/lib/armv6-m\libc.a(__buffer_io.o)
                0x0000b5c0                __prep_buffer
 .text.__flush_buffer
                0x0000b5d4       0x38 C:/Freescale/CW MCU v10.4/MCU/ARM_GCC_Support/ewl/lib/armv6-m\libc.a(__buffer_io.o)
                0x0000b5d4                __flush_buffer
 *fill*         0x0000b60c        0x4 00
 .text.atan     0x0000b610      0x358 C:/Freescale/CW MCU v10.4/MCU/ARM_GCC_Support/ewl/lib/armv6-m\libm.a(s_atan.o)
                0x0000b610                atan
 .text.cos      0x0000b968       0xa8 C:/Freescale/CW MCU v10.4/MCU/ARM_GCC_Support/ewl/lib/armv6-m\libm.a(s_cos.o)
                0x0000b968                cos
 .text.sin      0x0000ba10       0xa8 C:/Freescale/CW MCU v10.4/MCU/ARM_GCC_Support/ewl/lib/armv6-m\libm.a(s_sin.o)
                0x0000ba10                sin
 .text.acos     0x0000bab8        0x8 C:/Freescale/CW MCU v10.4/MCU/ARM_GCC_Support/ewl/lib/armv6-m\libm.a(w_acos.o)
                0x0000bab8                acos
 .text.asin     0x0000bac0        0x8 C:/Freescale/CW MCU v10.4/MCU/ARM_GCC_Support/ewl/lib/armv6-m\libm.a(w_asin.o)
                0x0000bac0                asin
 .text.atan2    0x0000bac8        0x8 C:/Freescale/CW MCU v10.4/MCU/ARM_GCC_Support/ewl/lib/armv6-m\libm.a(w_atan2.o)
                0x0000bac8                atan2
 .text.pow      0x0000bad0        0x8 C:/Freescale/CW MCU v10.4/MCU/ARM_GCC_Support/ewl/lib/armv6-m\libm.a(w_pow.o)
                0x0000bad0                pow
 .text.sqrt     0x0000bad8        0x8 C:/Freescale/CW MCU v10.4/MCU/ARM_GCC_Support/ewl/lib/armv6-m\libm.a(w_sqrt.o)
                0x0000bad8                sqrt
 .text.__ieee754_acos
                0x0000bae0      0x4f0 C:/Freescale/CW MCU v10.4/MCU/ARM_GCC_Support/ewl/lib/armv6-m\libm.a(e_acos.o)
                0x0000bae0                __ieee754_acos
 .text.__ieee754_asin
                0x0000bfd0      0x420 C:/Freescale/CW MCU v10.4/MCU/ARM_GCC_Support/ewl/lib/armv6-m\libm.a(e_asin.o)
                0x0000bfd0                __ieee754_asin
 .text.__ieee754_atan2
                0x0000c3f0      0x1c8 C:/Freescale/CW MCU v10.4/MCU/ARM_GCC_Support/ewl/lib/armv6-m\libm.a(e_atan2.o)
                0x0000c3f0                __ieee754_atan2
 .text.__ieee754_pow
                0x0000c5b8      0xb70 C:/Freescale/CW MCU v10.4/MCU/ARM_GCC_Support/ewl/lib/armv6-m\libm.a(e_pow.o)
                0x0000c5b8                __ieee754_pow
 .text.__ieee754_rem_pio2
                0x0000d128      0x408 C:/Freescale/CW MCU v10.4/MCU/ARM_GCC_Support/ewl/lib/armv6-m\libm.a(e_rem_pio2.o)
                0x0000d128                __ieee754_rem_pio2
 .text.__ieee754_sqrt
                0x0000d530      0x17c C:/Freescale/CW MCU v10.4/MCU/ARM_GCC_Support/ewl/lib/armv6-m\libm.a(e_sqrt.o)
                0x0000d530                __ieee754_sqrt
 *fill*         0x0000d6ac        0x4 00
 .text.__kernel_cos
                0x0000d6b0      0x1e0 C:/Freescale/CW MCU v10.4/MCU/ARM_GCC_Support/ewl/lib/armv6-m\libm.a(k_cos.o)
                0x0000d6b0                __kernel_cos
 .text.__kernel_rem_pio2
                0x0000d890      0x730 C:/Freescale/CW MCU v10.4/MCU/ARM_GCC_Support/ewl/lib/armv6-m\libm.a(k_rem_pio2.o)
                0x0000d890                __kernel_rem_pio2
 .text.__kernel_sin
                0x0000dfc0      0x178 C:/Freescale/CW MCU v10.4/MCU/ARM_GCC_Support/ewl/lib/armv6-m\libm.a(k_sin.o)
                0x0000dfc0                __kernel_sin
 .text.__fpclassifyd
                0x0000e138       0x38 C:/Freescale/CW MCU v10.4/MCU/ARM_GCC_Support/ewl/lib/armv6-m\libm.a(math_api.o)
                0x0000e138                __fpclassifyd
 .text.floor    0x0000e170      0x118 C:/Freescale/CW MCU v10.4/MCU/ARM_GCC_Support/ewl/lib/armv6-m\libm.a(s_floor.o)
                0x0000e170                floor
 .text.scalbn   0x0000e288       0x14 C:/Freescale/CW MCU v10.4/MCU/ARM_GCC_Support/ewl/lib/armv6-m\libm.a(scalbn.o)
                0x0000e288                scalbn
 *fill*         0x0000e29c        0x4 00
 .text.frexp    0x0000e2a0       0x80 C:/Freescale/CW MCU v10.4/MCU/ARM_GCC_Support/ewl/lib/armv6-m\libm.a(s_frexp.o)
                0x0000e2a0                frexp
 .text.ldexp    0x0000e320      0x148 C:/Freescale/CW MCU v10.4/MCU/ARM_GCC_Support/ewl/lib/armv6-m\libm.a(s_ldexp.o)
                0x0000e320                ldexp
 *(.rodata)
 .rodata        0x0000e468      0x1ac ./cpu/vectors.o
 .rodata        0x0000e614      0x40c ./cpu/start.o
 .rodata        0x0000ea20       0xec ./cpu/arm_cm0.o
 .rodata        0x0000eb0c      0x1bc ./drivers/rcm/rcm.o
 .rodata        0x0000ecc8       0x18 ./project/adc_test/adc_test.o
 .rodata        0x0000ece0      0x1fc ./project/ecompass/sensorCompass.o
 .rodata        0x0000eedc      0x1dc ./project/FRDMKL46_Demo.o
 .rodata        0x0000f0b8       0x40 c:/freescale/cw mcu v10.4/cross_tools/arm-none-eabi-gcc-4_7_3/bin/../lib/gcc/arm-none-eabi/4.7.3/armv6-m\libgcc.a(divsf3.o)
 .rodata        0x0000f0f8       0x40 c:/freescale/cw mcu v10.4/cross_tools/arm-none-eabi-gcc-4_7_3/bin/../lib/gcc/arm-none-eabi/4.7.3/armv6-m\libgcc.a(mulsf3.o)
 .rodata        0x0000f138       0x40 c:/freescale/cw mcu v10.4/cross_tools/arm-none-eabi-gcc-4_7_3/bin/../lib/gcc/arm-none-eabi/4.7.3/armv6-m\libgcc.a(divdf3.o)
 .rodata        0x0000f178       0x40 c:/freescale/cw mcu v10.4/cross_tools/arm-none-eabi-gcc-4_7_3/bin/../lib/gcc/arm-none-eabi/4.7.3/armv6-m\libgcc.a(muldf3.o)
 *(.rodata*)
 .rodata.printk
                0x0000f1b8       0xc8 ./common/printf.o
 .rodata.cpu_identify
                0x0000f280       0x98 ./cpu/start.o
 .rodata.vfn_led_test
                0x0000f318       0x18 ./project/FRDMKL46_Demo.o
 .rodata.task_test_lcd
                0x0000f330       0x28 ./project/FRDMKL46_Demo.o
 .rodata.WF_ORDERING_TABLE
                0x0000f358        0xc ./project/lcd/s401.o
                0x0000f358                WF_ORDERING_TABLE
 .rodata.ASCII_TO_WF_CODIFICATION_TABLE
                0x0000f364       0x64 ./project/lcd/s401.o
                0x0000f364                ASCII_TO_WF_CODIFICATION_TABLE
 .rodata.MASK_BIT
                0x0000f3c8       0x80 ./project/lcd/LCD.o
                0x0000f3c8                MASK_BIT
 .rodata.Device_Descriptor
                0x0000f448       0x14 ./project/usb/usb.o
                0x0000f448                Device_Descriptor
 .rodata.String_Descriptor0
                0x0000f45c        0x4 ./project/usb/usb.o
                0x0000f45c                String_Descriptor0
 .rodata.String_Descriptor1
                0x0000f460       0x14 ./project/usb/usb.o
                0x0000f460                String_Descriptor1
 .rodata.String_Descriptor2
                0x0000f474       0x14 ./project/usb/usb.o
                0x0000f474                String_Descriptor2
 .rodata.String_Descriptor3
                0x0000f488       0x14 ./project/usb/usb.o
                0x0000f488                String_Descriptor3
 .rodata.Configuration_Descriptor
                0x0000f49c       0x44 ./project/usb/usb.o
                0x0000f49c                Configuration_Descriptor
 .rodata.cEP_Size
                0x0000f4e0       0x10 ./project/usb/usb.o
                0x0000f4e0                cEP_Size
 .rodata.USB_StdReq_Handler
                0x0000f4f0       0x28 ./project/usb/usb.o
 .rodata.str1.1
                0x0000f518        0x1 C:/Freescale/CW MCU v10.4/MCU/ARM_GCC_Support/ewl/lib/armv6-m\libc.a(printformat_.o)
 .rodata.CSWTCH.20
                0x0000f519        0x5 C:/Freescale/CW MCU v10.4/MCU/ARM_GCC_Support/ewl/lib/armv6-m\libc.a(printformat_.o)
 .rodata.CSWTCH.21
                0x0000f51e        0x5 C:/Freescale/CW MCU v10.4/MCU/ARM_GCC_Support/ewl/lib/armv6-m\libc.a(printformat_.o)
 *fill*         0x0000f523        0x5 00
 .rodata.atanlo
                0x0000f528       0x20 C:/Freescale/CW MCU v10.4/MCU/ARM_GCC_Support/ewl/lib/armv6-m\libm.a(s_atan.o)
 .rodata.atanhi
                0x0000f548       0x20 C:/Freescale/CW MCU v10.4/MCU/ARM_GCC_Support/ewl/lib/armv6-m\libm.a(s_atan.o)
 .rodata.dp_h   0x0000f568       0x10 C:/Freescale/CW MCU v10.4/MCU/ARM_GCC_Support/ewl/lib/armv6-m\libm.a(e_pow.o)
 .rodata.dp_l   0x0000f578       0x10 C:/Freescale/CW MCU v10.4/MCU/ARM_GCC_Support/ewl/lib/armv6-m\libm.a(e_pow.o)
 .rodata.bp     0x0000f588       0x10 C:/Freescale/CW MCU v10.4/MCU/ARM_GCC_Support/ewl/lib/armv6-m\libm.a(e_pow.o)
 .rodata.npio2_hw
                0x0000f598       0x80 C:/Freescale/CW MCU v10.4/MCU/ARM_GCC_Support/ewl/lib/armv6-m\libm.a(e_rem_pio2.o)
 .rodata.two_over_pi
                0x0000f618      0x108 C:/Freescale/CW MCU v10.4/MCU/ARM_GCC_Support/ewl/lib/armv6-m\libm.a(e_rem_pio2.o)
 .rodata.init_jk
                0x0000f720       0x10 C:/Freescale/CW MCU v10.4/MCU/ARM_GCC_Support/ewl/lib/armv6-m\libm.a(k_rem_pio2.o)
 .rodata.PIo2   0x0000f730       0x40 C:/Freescale/CW MCU v10.4/MCU/ARM_GCC_Support/ewl/lib/armv6-m\libm.a(k_rem_pio2.o)
 *(.glue_7)
 .glue_7        0x00000000        0x0 linker stubs
 *(.glue_7t)
 .glue_7t       0x00000000        0x0 linker stubs
 *(.eh_frame)
 *(.init)
 *(.fini)
                0x0000f770                . = ALIGN (0x4)
                0x0000f770                _etext = .
                0x0000f770                __DATA_ROM = .

.vfp11_veneer   0x0000f770        0x0
 .vfp11_veneer  0x00000000        0x0 linker stubs

.v4_bx          0x0000f770        0x0
 .v4_bx         0x00000000        0x0 linker stubs

.iplt           0x0000f770        0x0
 .iplt          0x00000000        0x0 ./common/uif.o

.rel.dyn        0x0000f770        0x0
 .rel.iplt      0x00000000        0x0 ./common/uif.o

.ARM.extab
 *(.ARM.extab* .gnu.linkonce.armextab.*)

.ARM            0x0000f770        0x0
                0x0000f770                __exidx_start = .
 *(.ARM.exidx*)
                0x0000f770                __exidx_end = .

.ctors          0x0000f770        0x0
                0x0000f770                __CTOR_LIST__ = .
 *crtbegin.o(.ctors)
 *(EXCLUDE_FILE(*crtend.o) .ctors)
 *(SORT(.ctors.*))
 *(.ctors)
                0x0000f770                __CTOR_END__ = .

.dtors          0x0000f770        0x0
                0x0000f770                __DTOR_LIST__ = .
 *crtbegin.o(.dtors)
 *(EXCLUDE_FILE(*crtend.o) .dtors)
 *(SORT(.dtors.*))
 *(.dtors)
                0x0000f770                __DTOR_END__ = .

.preinit_array  0x0000f770        0x0
                0x0000f770                PROVIDE (__preinit_array_start, .)
 *(.preinit_array*)
                0x0000f770                PROVIDE (__preinit_array_end, .)

.init_array     0x0000f770        0x0
                0x0000f770                PROVIDE (__init_array_start, .)
 *(SORT(.init_array.*))
 *(.init_array*)
                0x0000f770                PROVIDE (__init_array_end, .)

.fini_array     0x0000f770        0x0
                0x0000f770                PROVIDE (__fini_array_start, .)
 *(SORT(.fini_array.*))
 *(.fini_array*)
                0x0000f770                PROVIDE (__fini_array_end, .)
                0x0000f770                ___ROM_AT = .

.data           0x20000000      0x174 load address 0x0000f770
                0x20000000                __DATA_RAM = .
                0x20000000                . = ALIGN (0x4)
                0x20000000                _sdata = .
 *(.data)
 *(.data*)
 .data.CALUPDACTIVE
                0x20000000        0x4 ./project/ecompass/sensorCompass.o
                0x20000000                CALUPDACTIVE
 .data.HARDCORRACTIVE
                0x20000004        0x4 ./project/ecompass/sensorCompass.o
                0x20000004                HARDCORRACTIVE
 .data.SOFTCORRACTIVE
                0x20000008        0x4 ./project/ecompass/sensorCompass.o
                0x20000008                SOFTCORRACTIVE
 .data.TILTCORRACTIVE
                0x2000000c        0x4 ./project/ecompass/sensorCompass.o
                0x2000000c                TILTCORRACTIVE
 .data.t_flash  0x20000010        0x4 ./project/FRDMKL46_Demo.o
                0x20000010                t_flash
 .data.touch_slider_last_valid_value.5787
                0x20000014        0x4 ./project/FRDMKL46_Demo.o
 .data.count_mseg.4847
                0x20000018        0x1 ./project/pit/pit.o
 .data.total_electrode
                0x20000019        0x1 ./project/tsi/TSIDrv.o
                0x20000019                total_electrode
 *fill*         0x2000001a        0x2 00
 .data.elec_array
                0x2000001c       0x10 ./project/tsi/TSIDrv.o
                0x2000001c                elec_array
 .data.gu16Threshold
                0x2000002c       0x20 ./project/tsi/TSIDrv.o
                0x2000002c                gu16Threshold
 .data.end_flag
                0x2000004c        0x1 ./project/tsi/TSIDrv.o
                0x2000004c                end_flag
 *fill*         0x2000004d        0x3 00
 .data.BufferPointer
                0x20000050       0x40 ./project/usb/usb.o
                0x20000050                BufferPointer
 .data.String_Table
                0x20000090       0x10 ./project/usb/usb.o
                0x20000090                String_Table
 .data.__files  0x200000a0       0xcc C:/Freescale/CW MCU v10.4/MCU/ARM_GCC_Support/ewl/lib/armv6-m\libc.a(ansi_files.o)
                0x200000a0                __files
 .data.__double_nan
                0x2000016c        0x8 C:/Freescale/CW MCU v10.4/MCU/ARM_GCC_Support/ewl/lib/armv6-m\libm.a(float.o)
                0x2000016c                __double_nan
                0x20000174                __DATA_END = .
                0x20000174                . = ALIGN (0x4)
                0x20000174                _edata = .
                0x00000174                ___data_size = (_edata - _sdata)
                0x0000f8e4                ___m_data_1FFFF000_ROMStart = (___ROM_AT + SIZEOF (.data))

.igot.plt       0x20000174        0x0 load address 0x0000f8e4
 .igot.plt      0x00000000        0x0 ./common/uif.o

.m_data_1FFFF000
                0x1fffe410        0x0 load address 0x0000f8e4
                0x1fffe410                . = ALIGN (0x4)
                0x1fffe410                ___m_data_1FFFF000_RAMStart = .
 *(.m_data_1FFFF000)
                0x1fffe410                ___m_data_1FFFF000_RAMEnd = .
                0x1fffe410                . = ALIGN (0x4)
                0x00000000                ___m_data_1FFFF000_ROMSize = (___m_data_1FFFF000_RAMEnd - ___m_data_1FFFF000_RAMStart)
                0x1fffe410                . = ALIGN (0x4)

.bss            0x20000200     0x2ddc load address 0x0000fa00
                0x20000200                __START_BSS = .
                0x20000200                __bss_start__ = __START_BSS
 *(.bss)
 *(.bss*)
 .bss.iPhi6DOF  0x20000200        0x4 ./project/ecompass/sensorCompass.o
                0x20000200                iPhi6DOF
 .bss.iThe6DOF  0x20000204        0x4 ./project/ecompass/sensorCompass.o
                0x20000204                iThe6DOF
 .bss.iPsi6DOF  0x20000208        0x4 ./project/ecompass/sensorCompass.o
                0x20000208                iPsi6DOF
 .bss.temp_direction.5791
                0x2000020c        0x4 ./project/FRDMKL46_Demo.o
 .bss.count_mode.5772
                0x20000210        0x1 ./project/FRDMKL46_Demo.o
 .bss.cont_sec.5749
                0x20000211        0x1 ./project/FRDMKL46_Demo.o
 *fill*         0x20000212        0x2 00
 .bss.SliderPercentegePosition
                0x20000214        0x4 ./project/tsi/TSIDrv.o
                0x20000214                SliderPercentegePosition
 .bss.SliderDistancePosition
                0x20000218        0x4 ./project/tsi/TSIDrv.o
                0x20000218                SliderDistancePosition
 .bss.AbsolutePercentegePosition
                0x2000021c        0x1 ./project/tsi/TSIDrv.o
                0x2000021c                AbsolutePercentegePosition
 .bss.AbsoluteDistancePosition
                0x2000021d        0x1 ./project/tsi/TSIDrv.o
                0x2000021d                AbsoluteDistancePosition
 .bss.u8CDCState
                0x2000021e        0x1 ./project/usb/usb_cdc.o
                0x2000021e                u8CDCState
 *(COMMON)
 *fill*         0x2000021f        0x1 00
 COMMON         0x20000220       0x1c ./cpu/sysinit.o
                0x20000220                mcg_clk_hz
                0x20000224                core_clk_khz
                0x20000228                periph_clk_khz
                0x2000022c                uart0_clk_khz
                0x20000230                uart0_clk_hz
                0x20000234                mcg_clk_khz
                0x20000238                pll_clk_khz
 COMMON         0x2000023c       0x1b ./project/I2C/hal_dev_mma8451.o
                0x2000023c                accel_x
                0x20000240                Atesty
                0x20000244                accel_y
                0x20000246                Aresultx
                0x20000248                Atestx
                0x2000024c                Aresulty
                0x2000024e                accel_z
                0x20000250                Atestz
                0x20000254                Aresultz
                0x20000256                aux1
 *fill*         0x20000257        0x1 00
 COMMON         0x20000258       0x1a ./project/I2C/hal_dev_mag3110.o
                0x20000258                Mresultz
                0x2000025c                Mtestz
                0x20000260                mag_x
                0x20000262                Mresulty
                0x20000264                mag_y
                0x20000266                mag_z
                0x20000268                Mtesty
                0x2000026c                Mtestx
                0x20000270                Mresultx
 *fill*         0x20000272        0x2 00
 COMMON         0x20000274      0x464 ./project/adc_test/adc_test.o
                0x20000274                last_adc_channel
                0x20000275                adc_reading_channel
                0x20000278                isr_flag
                0x2000027c                adc_sample0
                0x20000280                Master_Adc_Config
                0x20000290                adc_sample1
                0x20000294                intnum
                0x20000298                buffer_adc
                0x2000029c                adc_buffer_adc
                0x2000069c                channel_no
                0x200006a0                CalibrationStore
                0x200006d4                DMA_errorCount
                0x200006d6                dmaIsrCount
 COMMON         0x200006d8     0x21e4 ./project/ecompass/sensorCompass.o
                0x200006d8                ftrFitErrorpc
                0x200006dc                xftrinvW
                0x20000700                loopcounter
                0x20000704                fVz
                0x20000708                fFitErrorpc
                0x2000070c                MagBufferCount
                0x20000710                fGpy
                0x20000714                fGpz
                0x20000718                SOLUTIONSIZE
                0x2000071c                fPhi6DOF
                0x20000720                xftmpA3x3
                0x20000744                xftmpA7x7
                0x20000808                xinvA
                0x2000082c                det
                0x20000830                fLPThe6DOF
                0x20000834                fBpy
                0x20000838                ftrinvW
                0x20000844                ftmpB4x4
                0x20000854                xfinvW
                0x20000878                xfX4
                0x20000e78                A
                0x20000e84                fqR6DOFn
                0x20000e94                iGpy
                0x20000e98                ftrVy
                0x20000e9c                fBcx
                0x20000ea0                fLPRho6DOF
                0x20000ea4                ftmpB3x3
                0x20000eb0                fBfx
                0x20000eb4                ftmpB4x1
                0x20000ec4                iBpz
                0x20000ec6                iBpy
                0x20000ec8                fLPR6DOFn
                0x20000ed4                xftmpA3x1
                0x20000ee0                ftmpA4x4
                0x20000ef0                fVx
                0x20000ef4                xftmpA4x4
                0x20000f34                ftmpA3x1
                0x20000f40                fdelta6DOF
                0x20000f44                fLPPsi6DOF
                0x20000f48                fqLPR6DOFn
                0x20000f58                iGpx
                0x20000f5c                ftrB
                0x20000f60                xA
                0x20000f84                ftrVx
                0x20000f88                xfR6DOFn
                0x20000fac                xfY
                0x2000112c                ftmpA3x3
                0x20001138                fLPdelta6DOF
                0x2000113c                ftmpB7x7
                0x20001158                fLPR6DOFnm1
                0x20001164                fR6DOFn
                0x20001170                xftmpA4x1
                0x20001180                fBpz
                0x20001184                fVy
                0x20001188                buffer
                0x20001194                fLPPhi6DOF
                0x20001198                validmagcal
                0x2000119c                ecompass_direction
                0x200011a0                fBfz
                0x200011a4                ftmpA4x1
                0x200011b4                fBfy
                0x200011b8                xfLPR6DOFn
                0x200011dc                fPsi6DOF
                0x200011e0                iGpz
                0x200011e4                invA
                0x200011f0                iBpx
                0x200011f4                xftmpB3x3
                0x20001218                fBcy
                0x2000121c                fB
                0x20001220                AThe6DOF
                0x20001224                fGpx
                0x20001228                fX7
                0x200013a8                APhi6DOF
                0x200013ac                xftmpB7x7
                0x20001470                fBpx
                0x20001474                ftmpA7x7
                0x20001490                xftmpB4x1
                0x200014a0                fY
                0x20001620                fRho6DOF
                0x20001624                xftmpB4x4
                0x20001664                iMagBuff
                0x20001c40                ftrVz
                0x20001c44                finvW
                0x20001c50                xfX7
                0x200026d0                xfLPR6DOFnm1
                0x200026f4                fThe6DOF
                0x200026f8                COORDSYSTEM
                0x200026fc                xftmpA7x1
                0x20002718                fX4
                0x20002898                fBcz
                0x2000289c                ftmpA7x1
                0x200028b8                APsi6DOF
 COMMON         0x200028bc       0x1a ./project/global.o
                0x200028bc                ti_tsi1
                0x200028be                ti_fall
                0x200028c0                adc_sample
                0x200028c2                ti_test_adc
                0x200028c4                base_time125m
                0x200028c6                ti_delay
                0x200028c8                pit1_isrv_count
                0x200028ca                ti_print
                0x200028cc                ti_console
                0x200028ce                ti_tsi0
                0x200028d0                ti_task
                0x200028d2                ti_led
                0x200028d4                ti_accel_sampling
 *fill*         0x200028d6        0x2 00
 COMMON         0x200028d8       0xd8 ./project/FRDMKL46_Demo.o
                0x200028d8                arr_medianas
                0x20002968                gu8USB_Buffer
                0x200029a8                sw1_aux1
                0x200029ac                adc_light_sensor
 COMMON         0x200029b0       0x24 ./project/lcd/LCD.o
                0x200029b0                bLCD_CharPosition
                0x200029b1                lcd_alternate_mode
                0x200029b4                lcdBuffer
 COMMON         0x200029d4        0xc ./project/task_mgr/task_mgr.o
                0x200029d4                ptr_next_task
                0x200029d8                resp_ptr_next_task
                0x200029dc                task_status
 COMMON         0x200029e0       0x64 ./project/tsi/TSIDrv.o
                0x200029e0                gu16TSICount
                0x20002a00                ongoing_elec
                0x20002a04                gu16Baseline
                0x20002a24                gu16Delta
 COMMON         0x20002a44       0x88 ./project/usb/usb_cdc.o
                0x20002a44                LineCoding
                0x20002a4c                CDC_OUT_Data
 *fill*         0x20002acc      0x134 00
 COMMON         0x20002c00      0x304 ./project/usb/usb.o
                0x20002c00                gu8EP3_OUT_EVEN_Buffer
                0x20002c20                gu8IN_Counter
                0x20002c24                gu8EP1_OUT_EVEN_Buffer
                0x20002c44                Setup_Pkt
                0x20002c48                gu8EP1_OUT_ODD_Buffer
                0x20002c68                gu8HALT_EP
                0x20002c69                gu8USB_PingPong_flags
                0x20002c6c                gu8EP2_IN_ODD_Buffer
                0x20002c8c                gu8Status
                0x20002c90                gu8EP1_IN_ODD_Buffer
                0x20002cb0                gu8EP0_OUT_ODD_Buffer
                0x20002cd0                gu8USB_Toogle_flags
                0x20002cd4                gu8EP3_IN_EVEN_Buffer
                0x20002cf4                gu8EP1_IN_EVEN_Buffer
                0x20002d14                gu8USB_Flags
                0x20002d15                gu8Interface
                0x20002d18                gu8EP2_OUT_EVEN_Buffer
                0x20002d38                gu8USBClearFlags
                0x20002d3c                gu8EP0_IN_ODD_Buffer
                0x20002d5c                gu8EP0_OUT_EVEN_Buffer
                0x20002d7c                gu8USB_State
                0x20002d7d                gu8Dummy
                0x20002d80                gu8EP2_IN_EVEN_Buffer
                0x20002e00                tBDTtable
                0x20002e80                pu8IN_DataPointer
                0x20002e84                gu8EP0_IN_EVEN_Buffer
                0x20002ea4                gu8EP3_IN_ODD_Buffer
                0x20002ec4                gu8EP3_OUT_ODD_Buffer
                0x20002ee4                gu8EP2_OUT_ODD_Buffer
 COMMON         0x20002f04       0x12 ./project/usb/ring_buffer.o
                0x20002f04                OUT_EndAddress
                0x20002f08                OUT_SciPointer
                0x20002f0c                OUT_StartAddress
                0x20002f10                OUT_UsbPointer
                0x20002f14                gu8BufferOverFlow
                0x20002f15                gu8BufferMaxSize
 COMMON         0x20002f16       0xc0 C:/Freescale/CW MCU v10.4/MCU/ARM_GCC_Support/ewl/lib/armv6-m\libc.a(ansi_files.o)
                0x20002f16                stdout_buff
                0x20002f56                stdin_buff
                0x20002f96                stderr_buff
 *fill*         0x20002fd6        0x2 00
 COMMON         0x20002fd8        0x4 C:/Freescale/CW MCU v10.4/MCU/ARM_GCC_Support/ewl/lib/armv6-m\libc.a(errno.o)
                0x20002fd8                errno
                0x20002fdc                . = ALIGN (0x4)
                0x20002fdc                __END_BSS = .
                0x20002fdc                __bss_end__ = __END_BSS

._user_heap_stack
                0x20002fdc      0xe00 load address 0x000127dc
                0x20002fdc                . = ALIGN (0x4)
                0x20002fdc                PROVIDE (end, .)
                0x20002fdc                PROVIDE (_end, .)
                0x20002fdc                __heap_addr = .
                0x200037dc                . = (. + __heap_size)
 *fill*         0x20002fdc      0x800 00
                0x20003ddc                . = (. + __stack_size)
 *fill*         0x200037dc      0x600 00
                0x20003ddc                . = ALIGN (0x4)
                0x0000f8e4                _romp_at = ((___ROM_AT + SIZEOF (.data)) + SIZEOF (.m_data_1FFFF000))

.romp           0x1fffe410       0x24 load address 0x0000f8e4
                0x0000f8e4                __S_romp = _romp_at
                0x1fffe410        0x4 LONG 0xf770 ___ROM_AT
                0x1fffe414        0x4 LONG 0x20000000 _sdata
                0x1fffe418        0x4 LONG 0x174 ___data_size
                0x1fffe41c        0x4 LONG 0xf8e4 ___m_data_1FFFF000_ROMStart
                0x1fffe420        0x4 LONG 0x1fffe410 ___m_data_1FFFF000_RAMStart
                0x1fffe424        0x4 LONG 0x0 ___m_data_1FFFF000_ROMSize
                0x1fffe428        0x4 LONG 0x0
                0x1fffe42c        0x4 LONG 0x0
                0x1fffe430        0x4 LONG 0x0

.ARM.attributes
                0x00000000       0x2f
 *(.ARM.attributes)
 .ARM.attributes
                0x00000000       0x31 ./common/stdlib.o
 .ARM.attributes
                0x00000031       0x31 ./common/startup.o
 .ARM.attributes
                0x00000062       0x31 ./common/printf.o
 .ARM.attributes
                0x00000093       0x31 ./common/io.o
 .ARM.attributes
                0x000000c4       0x31 ./cpu/vectors.o
 .ARM.attributes
                0x000000f5       0x31 ./cpu/sysinit.o
 .ARM.attributes
                0x00000126       0x31 ./cpu/start.o
 .ARM.attributes
                0x00000157       0x21 ./cpu/cw_crt0.o
 .ARM.attributes
                0x00000178       0x31 ./cpu/arm_cm0.o
 .ARM.attributes
                0x000001a9       0x31 ./drivers/mcg/mcg.o
 .ARM.attributes
                0x000001da       0x31 ./drivers/rcm/rcm.o
 .ARM.attributes
                0x0000020b       0x31 ./drivers/uart/uart.o
 .ARM.attributes
                0x0000023c       0x31 ./project/I2C/hal_i2c.o
 .ARM.attributes
                0x0000026d       0x31 ./project/I2C/hal_dev_mma8451.o
 .ARM.attributes
                0x0000029e       0x31 ./project/I2C/hal_dev_mag3110.o
 .ARM.attributes
                0x000002cf       0x31 ./project/adc16/adc16.o
 .ARM.attributes
                0x00000300       0x31 ./project/adc_test/adc_test.o
 .ARM.attributes
                0x00000331       0x31 ./project/bsp/bsp_KL25.o
 .ARM.attributes
                0x00000362       0x31 ./project/ecompass/sensorCompass.o
 .ARM.attributes
                0x00000393       0x31 ./project/global.o
 .ARM.attributes
                0x000003c4       0x31 ./project/GPIO.o
 .ARM.attributes
                0x000003f5       0x31 ./project/FRDMKL46_Demo.o
 .ARM.attributes
                0x00000426       0x31 ./project/lcd/s401.o
 .ARM.attributes
                0x00000457       0x31 ./project/lcd/LCD.o
 .ARM.attributes
                0x00000488       0x31 ./project/median/median.o
 .ARM.attributes
                0x000004b9       0x31 ./project/pit/pit.o
 .ARM.attributes
                0x000004ea       0x31 ./project/task_mgr/task_mgr.o
 .ARM.attributes
                0x0000051b       0x31 ./project/tsi/TSIDrv.o
 .ARM.attributes
                0x0000054c       0x31 ./project/usb/usb_cdc.o
 .ARM.attributes
                0x0000057d       0x31 ./project/usb/usb.o
 .ARM.attributes
                0x000005ae       0x31 ./project/usb/ring_buffer.o
 .ARM.attributes
                0x000005df       0x31 C:/Freescale/CW MCU v10.4/MCU/ARM_GCC_Support/ewl/lib/armv6-m\libc.a(putchar.o)
 .ARM.attributes
                0x00000610       0x31 C:/Freescale/CW MCU v10.4/MCU/ARM_GCC_Support/ewl/lib/armv6-m\libc.a(puts.o)
 .ARM.attributes
                0x00000641       0x31 C:/Freescale/CW MCU v10.4/MCU/ARM_GCC_Support/ewl/lib/armv6-m\libc.a(printformat_.o)
 .ARM.attributes
                0x00000672       0x31 C:/Freescale/CW MCU v10.4/MCU/ARM_GCC_Support/ewl/lib/armv6-m\libc.a(__putchar.o)
 .ARM.attributes
                0x000006a3       0x31 C:/Freescale/CW MCU v10.4/MCU/ARM_GCC_Support/ewl/lib/armv6-m\libc.a(ansi_files.o)
 .ARM.attributes
                0x000006d4       0x31 C:/Freescale/CW MCU v10.4/MCU/ARM_GCC_Support/ewl/lib/armv6-m\libc.a(memchr.o)
 .ARM.attributes
                0x00000705       0x31 C:/Freescale/CW MCU v10.4/MCU/ARM_GCC_Support/ewl/lib/armv6-m\libc.a(strchr.o)
 .ARM.attributes
                0x00000736       0x31 C:/Freescale/CW MCU v10.4/MCU/ARM_GCC_Support/ewl/lib/armv6-m\libc.a(__buffer_io.o)
 .ARM.attributes
                0x00000767       0x31 C:/Freescale/CW MCU v10.4/MCU/ARM_GCC_Support/ewl/lib/armv6-m\libm.a(s_atan.o)
 .ARM.attributes
                0x00000798       0x31 C:/Freescale/CW MCU v10.4/MCU/ARM_GCC_Support/ewl/lib/armv6-m\libm.a(s_cos.o)
 .ARM.attributes
                0x000007c9       0x31 C:/Freescale/CW MCU v10.4/MCU/ARM_GCC_Support/ewl/lib/armv6-m\libm.a(s_sin.o)
 .ARM.attributes
                0x000007fa       0x31 C:/Freescale/CW MCU v10.4/MCU/ARM_GCC_Support/ewl/lib/armv6-m\libm.a(w_acos.o)
 .ARM.attributes
                0x0000082b       0x31 C:/Freescale/CW MCU v10.4/MCU/ARM_GCC_Support/ewl/lib/armv6-m\libm.a(w_asin.o)
 .ARM.attributes
                0x0000085c       0x31 C:/Freescale/CW MCU v10.4/MCU/ARM_GCC_Support/ewl/lib/armv6-m\libm.a(w_atan2.o)
 .ARM.attributes
                0x0000088d       0x31 C:/Freescale/CW MCU v10.4/MCU/ARM_GCC_Support/ewl/lib/armv6-m\libm.a(w_pow.o)
 .ARM.attributes
                0x000008be       0x31 C:/Freescale/CW MCU v10.4/MCU/ARM_GCC_Support/ewl/lib/armv6-m\libm.a(w_sqrt.o)
 .ARM.attributes
                0x000008ef       0x31 C:/Freescale/CW MCU v10.4/MCU/ARM_GCC_Support/ewl/lib/armv6-m\libm.a(e_acos.o)
 .ARM.attributes
                0x00000920       0x31 C:/Freescale/CW MCU v10.4/MCU/ARM_GCC_Support/ewl/lib/armv6-m\libm.a(e_asin.o)
 .ARM.attributes
                0x00000951       0x31 C:/Freescale/CW MCU v10.4/MCU/ARM_GCC_Support/ewl/lib/armv6-m\libm.a(e_atan2.o)
 .ARM.attributes
                0x00000982       0x31 C:/Freescale/CW MCU v10.4/MCU/ARM_GCC_Support/ewl/lib/armv6-m\libm.a(e_pow.o)
 .ARM.attributes
                0x000009b3       0x31 C:/Freescale/CW MCU v10.4/MCU/ARM_GCC_Support/ewl/lib/armv6-m\libm.a(e_rem_pio2.o)
 .ARM.attributes
                0x000009e4       0x31 C:/Freescale/CW MCU v10.4/MCU/ARM_GCC_Support/ewl/lib/armv6-m\libm.a(e_sqrt.o)
 .ARM.attributes
                0x00000a15       0x31 C:/Freescale/CW MCU v10.4/MCU/ARM_GCC_Support/ewl/lib/armv6-m\libm.a(float.o)
 .ARM.attributes
                0x00000a46       0x31 C:/Freescale/CW MCU v10.4/MCU/ARM_GCC_Support/ewl/lib/armv6-m\libm.a(k_cos.o)
 .ARM.attributes
                0x00000a77       0x31 C:/Freescale/CW MCU v10.4/MCU/ARM_GCC_Support/ewl/lib/armv6-m\libm.a(k_rem_pio2.o)
 .ARM.attributes
                0x00000aa8       0x31 C:/Freescale/CW MCU v10.4/MCU/ARM_GCC_Support/ewl/lib/armv6-m\libm.a(k_sin.o)
 .ARM.attributes
                0x00000ad9       0x31 C:/Freescale/CW MCU v10.4/MCU/ARM_GCC_Support/ewl/lib/armv6-m\libm.a(math_api.o)
 .ARM.attributes
                0x00000b0a       0x31 C:/Freescale/CW MCU v10.4/MCU/ARM_GCC_Support/ewl/lib/armv6-m\libm.a(s_floor.o)
 .ARM.attributes
                0x00000b3b       0x31 C:/Freescale/CW MCU v10.4/MCU/ARM_GCC_Support/ewl/lib/armv6-m\libm.a(scalbn.o)
 .ARM.attributes
                0x00000b6c       0x31 C:/Freescale/CW MCU v10.4/MCU/ARM_GCC_Support/ewl/lib/armv6-m\libm.a(s_frexp.o)
 .ARM.attributes
                0x00000b9d       0x31 C:/Freescale/CW MCU v10.4/MCU/ARM_GCC_Support/ewl/lib/armv6-m\libm.a(s_ldexp.o)
 .ARM.attributes
                0x00000bce       0x1e c:/freescale/cw mcu v10.4/cross_tools/arm-none-eabi-gcc-4_7_3/bin/../lib/gcc/arm-none-eabi/4.7.3/armv6-m\libgcc.a(_thumb1_case_uqi.o)
 .ARM.attributes
                0x00000bec       0x1e c:/freescale/cw mcu v10.4/cross_tools/arm-none-eabi-gcc-4_7_3/bin/../lib/gcc/arm-none-eabi/4.7.3/armv6-m\libgcc.a(_udivsi3.o)
 .ARM.attributes
                0x00000c0a       0x1e c:/freescale/cw mcu v10.4/cross_tools/arm-none-eabi-gcc-4_7_3/bin/../lib/gcc/arm-none-eabi/4.7.3/armv6-m\libgcc.a(_divsi3.o)
 .ARM.attributes
                0x00000c28       0x1e c:/freescale/cw mcu v10.4/cross_tools/arm-none-eabi-gcc-4_7_3/bin/../lib/gcc/arm-none-eabi/4.7.3/armv6-m\libgcc.a(_dvmd_tls.o)
 .ARM.attributes
                0x00000c46       0x1e c:/freescale/cw mcu v10.4/cross_tools/arm-none-eabi-gcc-4_7_3/bin/../lib/gcc/arm-none-eabi/4.7.3/armv6-m\libgcc.a(_arm_cmpdf2.o)
 .ARM.attributes
                0x00000c64       0x1e c:/freescale/cw mcu v10.4/cross_tools/arm-none-eabi-gcc-4_7_3/bin/../lib/gcc/arm-none-eabi/4.7.3/armv6-m\libgcc.a(_arm_cmpsf2.o)
 .ARM.attributes
                0x00000c82       0x2c c:/freescale/cw mcu v10.4/cross_tools/arm-none-eabi-gcc-4_7_3/bin/../lib/gcc/arm-none-eabi/4.7.3/armv6-m\libgcc.a(addsf3.o)
 .ARM.attributes
                0x00000cae       0x2c c:/freescale/cw mcu v10.4/cross_tools/arm-none-eabi-gcc-4_7_3/bin/../lib/gcc/arm-none-eabi/4.7.3/armv6-m\libgcc.a(divsf3.o)
 .ARM.attributes
                0x00000cda       0x2c c:/freescale/cw mcu v10.4/cross_tools/arm-none-eabi-gcc-4_7_3/bin/../lib/gcc/arm-none-eabi/4.7.3/armv6-m\libgcc.a(eqsf2.o)
 .ARM.attributes
                0x00000d06       0x2c c:/freescale/cw mcu v10.4/cross_tools/arm-none-eabi-gcc-4_7_3/bin/../lib/gcc/arm-none-eabi/4.7.3/armv6-m\libgcc.a(gesf2.o)
 .ARM.attributes
                0x00000d32       0x2c c:/freescale/cw mcu v10.4/cross_tools/arm-none-eabi-gcc-4_7_3/bin/../lib/gcc/arm-none-eabi/4.7.3/armv6-m\libgcc.a(lesf2.o)
 .ARM.attributes
                0x00000d5e       0x2c c:/freescale/cw mcu v10.4/cross_tools/arm-none-eabi-gcc-4_7_3/bin/../lib/gcc/arm-none-eabi/4.7.3/armv6-m\libgcc.a(mulsf3.o)
 .ARM.attributes
                0x00000d8a       0x2c c:/freescale/cw mcu v10.4/cross_tools/arm-none-eabi-gcc-4_7_3/bin/../lib/gcc/arm-none-eabi/4.7.3/armv6-m\libgcc.a(subsf3.o)
 .ARM.attributes
                0x00000db6       0x2c c:/freescale/cw mcu v10.4/cross_tools/arm-none-eabi-gcc-4_7_3/bin/../lib/gcc/arm-none-eabi/4.7.3/armv6-m\libgcc.a(fixsfsi.o)
 .ARM.attributes
                0x00000de2       0x2c c:/freescale/cw mcu v10.4/cross_tools/arm-none-eabi-gcc-4_7_3/bin/../lib/gcc/arm-none-eabi/4.7.3/armv6-m\libgcc.a(floatsisf.o)
 .ARM.attributes
                0x00000e0e       0x2c c:/freescale/cw mcu v10.4/cross_tools/arm-none-eabi-gcc-4_7_3/bin/../lib/gcc/arm-none-eabi/4.7.3/armv6-m\libgcc.a(adddf3.o)
 .ARM.attributes
                0x00000e3a       0x2c c:/freescale/cw mcu v10.4/cross_tools/arm-none-eabi-gcc-4_7_3/bin/../lib/gcc/arm-none-eabi/4.7.3/armv6-m\libgcc.a(divdf3.o)
 .ARM.attributes
                0x00000e66       0x2c c:/freescale/cw mcu v10.4/cross_tools/arm-none-eabi-gcc-4_7_3/bin/../lib/gcc/arm-none-eabi/4.7.3/armv6-m\libgcc.a(eqdf2.o)
 .ARM.attributes
                0x00000e92       0x2c c:/freescale/cw mcu v10.4/cross_tools/arm-none-eabi-gcc-4_7_3/bin/../lib/gcc/arm-none-eabi/4.7.3/armv6-m\libgcc.a(gedf2.o)
 .ARM.attributes
                0x00000ebe       0x2c c:/freescale/cw mcu v10.4/cross_tools/arm-none-eabi-gcc-4_7_3/bin/../lib/gcc/arm-none-eabi/4.7.3/armv6-m\libgcc.a(ledf2.o)
 .ARM.attributes
                0x00000eea       0x2c c:/freescale/cw mcu v10.4/cross_tools/arm-none-eabi-gcc-4_7_3/bin/../lib/gcc/arm-none-eabi/4.7.3/armv6-m\libgcc.a(muldf3.o)
 .ARM.attributes
                0x00000f16       0x2c c:/freescale/cw mcu v10.4/cross_tools/arm-none-eabi-gcc-4_7_3/bin/../lib/gcc/arm-none-eabi/4.7.3/armv6-m\libgcc.a(subdf3.o)
 .ARM.attributes
                0x00000f42       0x2c c:/freescale/cw mcu v10.4/cross_tools/arm-none-eabi-gcc-4_7_3/bin/../lib/gcc/arm-none-eabi/4.7.3/armv6-m\libgcc.a(fixdfsi.o)
 .ARM.attributes
                0x00000f6e       0x2c c:/freescale/cw mcu v10.4/cross_tools/arm-none-eabi-gcc-4_7_3/bin/../lib/gcc/arm-none-eabi/4.7.3/armv6-m\libgcc.a(floatsidf.o)
 .ARM.attributes
                0x00000f9a       0x2c c:/freescale/cw mcu v10.4/cross_tools/arm-none-eabi-gcc-4_7_3/bin/../lib/gcc/arm-none-eabi/4.7.3/armv6-m\libgcc.a(extendsfdf2.o)
 .ARM.attributes
                0x00000fc6       0x2c c:/freescale/cw mcu v10.4/cross_tools/arm-none-eabi-gcc-4_7_3/bin/../lib/gcc/arm-none-eabi/4.7.3/armv6-m\libgcc.a(truncdfsf2.o)
 .ARM.attributes
                0x00000ff2       0x1e c:/freescale/cw mcu v10.4/cross_tools/arm-none-eabi-gcc-4_7_3/bin/../lib/gcc/arm-none-eabi/4.7.3/armv6-m\libgcc.a(_clzsi2.o)
 .ARM.attributes
                0x00001010       0x31 C:/Freescale/CW MCU v10.4/MCU/ARM_GCC_Support/ewl/lib/armv6-m\libc.a(errno.o)
                0x00001041                __BOOT_STACK_ADDRESS = .
OUTPUT(FRDMKL46_Demo.elf elf32-littlearm)

.debug_info     0x00000000     0xfacf
 .debug_info    0x00000000      0x64a ./common/stdlib.o
 .debug_info    0x0000064a      0x1bf ./common/startup.o
 .debug_info    0x00000809      0x4dd ./common/printf.o
 .debug_info    0x00000ce6      0x24e ./common/io.o
 .debug_info    0x00000f34      0x69c ./cpu/vectors.o
 .debug_info    0x000015d0      0x6fb ./cpu/sysinit.o
 .debug_info    0x00001ccb      0x453 ./cpu/start.o
 .debug_info    0x0000211e       0xec ./cpu/cw_crt0.o
 .debug_info    0x0000220a      0x3c7 ./cpu/arm_cm0.o
 .debug_info    0x000025d1      0xd81 ./drivers/mcg/mcg.o
 .debug_info    0x00003352      0x16c ./drivers/rcm/rcm.o
 .debug_info    0x000034be      0x7a6 ./drivers/uart/uart.o
 .debug_info    0x00003c64      0x68f ./project/I2C/hal_i2c.o
 .debug_info    0x000042f3      0x34a ./project/I2C/hal_dev_mma8451.o
 .debug_info    0x0000463d      0x325 ./project/I2C/hal_dev_mag3110.o
 .debug_info    0x00004962      0x4b0 ./project/adc16/adc16.o
 .debug_info    0x00004e12      0x8f5 ./project/adc_test/adc_test.o
 .debug_info    0x00005707      0x3ab ./project/bsp/bsp_KL25.o
 .debug_info    0x00005ab2     0x157a ./project/ecompass/sensorCompass.o
 .debug_info    0x0000702c      0x160 ./project/global.o
 .debug_info    0x0000718c      0x23b ./project/GPIO.o
 .debug_info    0x000073c7     0x1070 ./project/FRDMKL46_Demo.o
 .debug_info    0x00008437       0x7a ./project/lcd/s401.o
 .debug_info    0x000084b1      0xa4d ./project/lcd/LCD.o
 .debug_info    0x00008efe       0xe2 ./project/median/median.o
 .debug_info    0x00008fe0      0x561 ./project/pit/pit.o
 .debug_info    0x00009541       0xa9 ./project/task_mgr/task_mgr.o
 .debug_info    0x000095ea      0x57b ./project/tsi/TSIDrv.o
 .debug_info    0x00009b65      0x2dc ./project/usb/usb_cdc.o
 .debug_info    0x00009e41      0xfdf ./project/usb/usb.o
 .debug_info    0x0000ae20      0x159 ./project/usb/ring_buffer.o
 .debug_info    0x0000af79      0x357 C:/Freescale/CW MCU v10.4/MCU/ARM_GCC_Support/ewl/lib/armv6-m\libc.a(putchar.o)
 .debug_info    0x0000b2d0      0x38a C:/Freescale/CW MCU v10.4/MCU/ARM_GCC_Support/ewl/lib/armv6-m\libc.a(puts.o)
 .debug_info    0x0000b65a      0x50d C:/Freescale/CW MCU v10.4/MCU/ARM_GCC_Support/ewl/lib/armv6-m\libc.a(printformat_.o)
 .debug_info    0x0000bb67      0x3fa C:/Freescale/CW MCU v10.4/MCU/ARM_GCC_Support/ewl/lib/armv6-m\libc.a(__putchar.o)
 .debug_info    0x0000bf61      0x4be C:/Freescale/CW MCU v10.4/MCU/ARM_GCC_Support/ewl/lib/armv6-m\libc.a(ansi_files.o)
 .debug_info    0x0000c41f      0x121 C:/Freescale/CW MCU v10.4/MCU/ARM_GCC_Support/ewl/lib/armv6-m\libc.a(memchr.o)
 .debug_info    0x0000c540      0x10b C:/Freescale/CW MCU v10.4/MCU/ARM_GCC_Support/ewl/lib/armv6-m\libc.a(strchr.o)
 .debug_info    0x0000c64b      0x45d C:/Freescale/CW MCU v10.4/MCU/ARM_GCC_Support/ewl/lib/armv6-m\libc.a(__buffer_io.o)
 .debug_info    0x0000caa8      0x23a C:/Freescale/CW MCU v10.4/MCU/ARM_GCC_Support/ewl/lib/armv6-m\libm.a(s_atan.o)
 .debug_info    0x0000cce2      0x1a0 C:/Freescale/CW MCU v10.4/MCU/ARM_GCC_Support/ewl/lib/armv6-m\libm.a(s_cos.o)
 .debug_info    0x0000ce82      0x1a0 C:/Freescale/CW MCU v10.4/MCU/ARM_GCC_Support/ewl/lib/armv6-m\libm.a(s_sin.o)
 .debug_info    0x0000d022       0xb2 C:/Freescale/CW MCU v10.4/MCU/ARM_GCC_Support/ewl/lib/armv6-m\libm.a(w_acos.o)
 .debug_info    0x0000d0d4       0xb2 C:/Freescale/CW MCU v10.4/MCU/ARM_GCC_Support/ewl/lib/armv6-m\libm.a(w_asin.o)
 .debug_info    0x0000d186       0xbf C:/Freescale/CW MCU v10.4/MCU/ARM_GCC_Support/ewl/lib/armv6-m\libm.a(w_atan2.o)
 .debug_info    0x0000d245       0xc0 C:/Freescale/CW MCU v10.4/MCU/ARM_GCC_Support/ewl/lib/armv6-m\libm.a(w_pow.o)
 .debug_info    0x0000d305       0xb3 C:/Freescale/CW MCU v10.4/MCU/ARM_GCC_Support/ewl/lib/armv6-m\libm.a(w_sqrt.o)
 .debug_info    0x0000d3b8      0x313 C:/Freescale/CW MCU v10.4/MCU/ARM_GCC_Support/ewl/lib/armv6-m\libm.a(e_acos.o)
 .debug_info    0x0000d6cb      0x326 C:/Freescale/CW MCU v10.4/MCU/ARM_GCC_Support/ewl/lib/armv6-m\libm.a(e_asin.o)
 .debug_info    0x0000d9f1      0x26a C:/Freescale/CW MCU v10.4/MCU/ARM_GCC_Support/ewl/lib/armv6-m\libm.a(e_atan2.o)
 .debug_info    0x0000dc5b      0x5c7 C:/Freescale/CW MCU v10.4/MCU/ARM_GCC_Support/ewl/lib/armv6-m\libm.a(e_pow.o)
 .debug_info    0x0000e222      0x343 C:/Freescale/CW MCU v10.4/MCU/ARM_GCC_Support/ewl/lib/armv6-m\libm.a(e_rem_pio2.o)
 .debug_info    0x0000e565      0x266 C:/Freescale/CW MCU v10.4/MCU/ARM_GCC_Support/ewl/lib/armv6-m\libm.a(e_sqrt.o)
 .debug_info    0x0000e7cb      0x1e4 C:/Freescale/CW MCU v10.4/MCU/ARM_GCC_Support/ewl/lib/armv6-m\libm.a(float.o)
 .debug_info    0x0000e9af      0x22d C:/Freescale/CW MCU v10.4/MCU/ARM_GCC_Support/ewl/lib/armv6-m\libm.a(k_cos.o)
 .debug_info    0x0000ebdc      0x30a C:/Freescale/CW MCU v10.4/MCU/ARM_GCC_Support/ewl/lib/armv6-m\libm.a(k_rem_pio2.o)
 .debug_info    0x0000eee6      0x222 C:/Freescale/CW MCU v10.4/MCU/ARM_GCC_Support/ewl/lib/armv6-m\libm.a(k_sin.o)
 .debug_info    0x0000f108      0x305 C:/Freescale/CW MCU v10.4/MCU/ARM_GCC_Support/ewl/lib/armv6-m\libm.a(math_api.o)
 .debug_info    0x0000f40d      0x1a9 C:/Freescale/CW MCU v10.4/MCU/ARM_GCC_Support/ewl/lib/armv6-m\libm.a(s_floor.o)
 .debug_info    0x0000f5b6       0xf9 C:/Freescale/CW MCU v10.4/MCU/ARM_GCC_Support/ewl/lib/armv6-m\libm.a(scalbn.o)
 .debug_info    0x0000f6af      0x1a1 C:/Freescale/CW MCU v10.4/MCU/ARM_GCC_Support/ewl/lib/armv6-m\libm.a(s_frexp.o)
 .debug_info    0x0000f850      0x1e2 C:/Freescale/CW MCU v10.4/MCU/ARM_GCC_Support/ewl/lib/armv6-m\libm.a(s_ldexp.o)
 .debug_info    0x0000fa32       0x9d C:/Freescale/CW MCU v10.4/MCU/ARM_GCC_Support/ewl/lib/armv6-m\libc.a(errno.o)

.debug_abbrev   0x00000000     0x3a9f
 .debug_abbrev  0x00000000       0xf9 ./common/stdlib.o
 .debug_abbrev  0x000000f9       0x90 ./common/startup.o
 .debug_abbrev  0x00000189      0x1b2 ./common/printf.o
 .debug_abbrev  0x0000033b       0xad ./common/io.o
 .debug_abbrev  0x000003e8      0x132 ./cpu/vectors.o
 .debug_abbrev  0x0000051a       0xe5 ./cpu/sysinit.o
 .debug_abbrev  0x000005ff       0xd3 ./cpu/start.o
 .debug_abbrev  0x000006d2       0x14 ./cpu/cw_crt0.o
 .debug_abbrev  0x000006e6      0x100 ./cpu/arm_cm0.o
 .debug_abbrev  0x000007e6      0x18b ./drivers/mcg/mcg.o
 .debug_abbrev  0x00000971       0x95 ./drivers/rcm/rcm.o
 .debug_abbrev  0x00000a06      0x1a1 ./drivers/uart/uart.o
 .debug_abbrev  0x00000ba7      0x10a ./project/I2C/hal_i2c.o
 .debug_abbrev  0x00000cb1      0x12c ./project/I2C/hal_dev_mma8451.o
 .debug_abbrev  0x00000ddd      0x12c ./project/I2C/hal_dev_mag3110.o
 .debug_abbrev  0x00000f09      0x119 ./project/adc16/adc16.o
 .debug_abbrev  0x00001022      0x16f ./project/adc_test/adc_test.o
 .debug_abbrev  0x00001191       0xfa ./project/bsp/bsp_KL25.o
 .debug_abbrev  0x0000128b      0x185 ./project/ecompass/sensorCompass.o
 .debug_abbrev  0x00001410       0x44 ./project/global.o
 .debug_abbrev  0x00001454      0x101 ./project/GPIO.o
 .debug_abbrev  0x00001555      0x27a ./project/FRDMKL46_Demo.o
 .debug_abbrev  0x000017cf       0x45 ./project/lcd/s401.o
 .debug_abbrev  0x00001814      0x1d7 ./project/lcd/LCD.o
 .debug_abbrev  0x000019eb       0xa5 ./project/median/median.o
 .debug_abbrev  0x00001a90      0x107 ./project/pit/pit.o
 .debug_abbrev  0x00001b97       0x47 ./project/task_mgr/task_mgr.o
 .debug_abbrev  0x00001bde      0x102 ./project/tsi/TSIDrv.o
 .debug_abbrev  0x00001ce0      0x122 ./project/usb/usb_cdc.o
 .debug_abbrev  0x00001e02      0x218 ./project/usb/usb.o
 .debug_abbrev  0x0000201a       0xa2 ./project/usb/ring_buffer.o
 .debug_abbrev  0x000020bc       0xe7 C:/Freescale/CW MCU v10.4/MCU/ARM_GCC_Support/ewl/lib/armv6-m\libc.a(putchar.o)
 .debug_abbrev  0x000021a3      0x10a C:/Freescale/CW MCU v10.4/MCU/ARM_GCC_Support/ewl/lib/armv6-m\libc.a(puts.o)
 .debug_abbrev  0x000022ad      0x200 C:/Freescale/CW MCU v10.4/MCU/ARM_GCC_Support/ewl/lib/armv6-m\libc.a(printformat_.o)
 .debug_abbrev  0x000024ad       0xf8 C:/Freescale/CW MCU v10.4/MCU/ARM_GCC_Support/ewl/lib/armv6-m\libc.a(__putchar.o)
 .debug_abbrev  0x000025a5      0x107 C:/Freescale/CW MCU v10.4/MCU/ARM_GCC_Support/ewl/lib/armv6-m\libc.a(ansi_files.o)
 .debug_abbrev  0x000026ac       0x95 C:/Freescale/CW MCU v10.4/MCU/ARM_GCC_Support/ewl/lib/armv6-m\libc.a(memchr.o)
 .debug_abbrev  0x00002741       0x7a C:/Freescale/CW MCU v10.4/MCU/ARM_GCC_Support/ewl/lib/armv6-m\libc.a(strchr.o)
 .debug_abbrev  0x000027bb      0x142 C:/Freescale/CW MCU v10.4/MCU/ARM_GCC_Support/ewl/lib/armv6-m\libc.a(__buffer_io.o)
 .debug_abbrev  0x000028fd       0xed C:/Freescale/CW MCU v10.4/MCU/ARM_GCC_Support/ewl/lib/armv6-m\libm.a(s_atan.o)
 .debug_abbrev  0x000029ea       0xd7 C:/Freescale/CW MCU v10.4/MCU/ARM_GCC_Support/ewl/lib/armv6-m\libm.a(s_cos.o)
 .debug_abbrev  0x00002ac1       0xd7 C:/Freescale/CW MCU v10.4/MCU/ARM_GCC_Support/ewl/lib/armv6-m\libm.a(s_sin.o)
 .debug_abbrev  0x00002b98       0x59 C:/Freescale/CW MCU v10.4/MCU/ARM_GCC_Support/ewl/lib/armv6-m\libm.a(w_acos.o)
 .debug_abbrev  0x00002bf1       0x59 C:/Freescale/CW MCU v10.4/MCU/ARM_GCC_Support/ewl/lib/armv6-m\libm.a(w_asin.o)
 .debug_abbrev  0x00002c4a       0x59 C:/Freescale/CW MCU v10.4/MCU/ARM_GCC_Support/ewl/lib/armv6-m\libm.a(w_atan2.o)
 .debug_abbrev  0x00002ca3       0x59 C:/Freescale/CW MCU v10.4/MCU/ARM_GCC_Support/ewl/lib/armv6-m\libm.a(w_pow.o)
 .debug_abbrev  0x00002cfc       0x59 C:/Freescale/CW MCU v10.4/MCU/ARM_GCC_Support/ewl/lib/armv6-m\libm.a(w_sqrt.o)
 .debug_abbrev  0x00002d55       0xfa C:/Freescale/CW MCU v10.4/MCU/ARM_GCC_Support/ewl/lib/armv6-m\libm.a(e_acos.o)
 .debug_abbrev  0x00002e4f       0xfa C:/Freescale/CW MCU v10.4/MCU/ARM_GCC_Support/ewl/lib/armv6-m\libm.a(e_asin.o)
 .debug_abbrev  0x00002f49       0xec C:/Freescale/CW MCU v10.4/MCU/ARM_GCC_Support/ewl/lib/armv6-m\libm.a(e_atan2.o)
 .debug_abbrev  0x00003035      0x157 C:/Freescale/CW MCU v10.4/MCU/ARM_GCC_Support/ewl/lib/armv6-m\libm.a(e_pow.o)
 .debug_abbrev  0x0000318c       0xfc C:/Freescale/CW MCU v10.4/MCU/ARM_GCC_Support/ewl/lib/armv6-m\libm.a(e_rem_pio2.o)
 .debug_abbrev  0x00003288      0x10b C:/Freescale/CW MCU v10.4/MCU/ARM_GCC_Support/ewl/lib/armv6-m\libm.a(e_sqrt.o)
 .debug_abbrev  0x00003393       0x56 C:/Freescale/CW MCU v10.4/MCU/ARM_GCC_Support/ewl/lib/armv6-m\libm.a(float.o)
 .debug_abbrev  0x000033e9       0xcc C:/Freescale/CW MCU v10.4/MCU/ARM_GCC_Support/ewl/lib/armv6-m\libm.a(k_cos.o)
 .debug_abbrev  0x000034b5       0xf3 C:/Freescale/CW MCU v10.4/MCU/ARM_GCC_Support/ewl/lib/armv6-m\libm.a(k_rem_pio2.o)
 .debug_abbrev  0x000035a8       0xea C:/Freescale/CW MCU v10.4/MCU/ARM_GCC_Support/ewl/lib/armv6-m\libm.a(k_sin.o)
 .debug_abbrev  0x00003692       0xe8 C:/Freescale/CW MCU v10.4/MCU/ARM_GCC_Support/ewl/lib/armv6-m\libm.a(math_api.o)
 .debug_abbrev  0x0000377a       0xbf C:/Freescale/CW MCU v10.4/MCU/ARM_GCC_Support/ewl/lib/armv6-m\libm.a(s_floor.o)
 .debug_abbrev  0x00003839       0x86 C:/Freescale/CW MCU v10.4/MCU/ARM_GCC_Support/ewl/lib/armv6-m\libm.a(scalbn.o)
 .debug_abbrev  0x000038bf       0xce C:/Freescale/CW MCU v10.4/MCU/ARM_GCC_Support/ewl/lib/armv6-m\libm.a(s_frexp.o)
 .debug_abbrev  0x0000398d       0xce C:/Freescale/CW MCU v10.4/MCU/ARM_GCC_Support/ewl/lib/armv6-m\libm.a(s_ldexp.o)
 .debug_abbrev  0x00003a5b       0x44 C:/Freescale/CW MCU v10.4/MCU/ARM_GCC_Support/ewl/lib/armv6-m\libc.a(errno.o)

.debug_loc      0x00000000     0x6c85
 .debug_loc     0x00000000      0x380 ./common/stdlib.o
 .debug_loc     0x00000380       0x38 ./common/startup.o
 .debug_loc     0x000003b8      0x1a2 ./common/printf.o
 .debug_loc     0x0000055a       0x90 ./common/io.o
 .debug_loc     0x000005ea       0xf4 ./cpu/vectors.o
 .debug_loc     0x000006de       0x90 ./cpu/sysinit.o
 .debug_loc     0x0000076e       0x90 ./cpu/start.o
 .debug_loc     0x000007fe      0x138 ./cpu/arm_cm0.o
 .debug_loc     0x00000936      0x5dc ./drivers/mcg/mcg.o
 .debug_loc     0x00000f12       0x2c ./drivers/rcm/rcm.o
 .debug_loc     0x00000f3e      0x26a ./drivers/uart/uart.o
 .debug_loc     0x000011a8      0x380 ./project/I2C/hal_i2c.o
 .debug_loc     0x00001528      0x1e8 ./project/I2C/hal_dev_mma8451.o
 .debug_loc     0x00001710      0x1dc ./project/I2C/hal_dev_mag3110.o
 .debug_loc     0x000018ec       0xa8 ./project/adc16/adc16.o
 .debug_loc     0x00001994       0x9c ./project/adc_test/adc_test.o
 .debug_loc     0x00001a30       0x64 ./project/bsp/bsp_KL25.o
 .debug_loc     0x00001a94      0x5f8 ./project/ecompass/sensorCompass.o
 .debug_loc     0x0000208c       0x9c ./project/GPIO.o
 .debug_loc     0x00002128      0x228 ./project/FRDMKL46_Demo.o
 .debug_loc     0x00002350      0x3ec ./project/lcd/LCD.o
 .debug_loc     0x0000273c       0x3a ./project/median/median.o
 .debug_loc     0x00002776       0x58 ./project/pit/pit.o
 .debug_loc     0x000027ce      0x14c ./project/tsi/TSIDrv.o
 .debug_loc     0x0000291a       0xc8 ./project/usb/usb_cdc.o
 .debug_loc     0x000029e2      0x34c ./project/usb/usb.o
 .debug_loc     0x00002d2e       0x70 ./project/usb/ring_buffer.o
 .debug_loc     0x00002d9e       0x3e C:/Freescale/CW MCU v10.4/MCU/ARM_GCC_Support/ewl/lib/armv6-m\libc.a(putchar.o)
 .debug_loc     0x00002ddc       0x72 C:/Freescale/CW MCU v10.4/MCU/ARM_GCC_Support/ewl/lib/armv6-m\libc.a(puts.o)
 .debug_loc     0x00002e4e     0x104b C:/Freescale/CW MCU v10.4/MCU/ARM_GCC_Support/ewl/lib/armv6-m\libc.a(printformat_.o)
 .debug_loc     0x00003e99       0x87 C:/Freescale/CW MCU v10.4/MCU/ARM_GCC_Support/ewl/lib/armv6-m\libc.a(__putchar.o)
 .debug_loc     0x00003f20       0x8c C:/Freescale/CW MCU v10.4/MCU/ARM_GCC_Support/ewl/lib/armv6-m\libc.a(ansi_files.o)
 .debug_loc     0x00003fac       0x77 C:/Freescale/CW MCU v10.4/MCU/ARM_GCC_Support/ewl/lib/armv6-m\libc.a(memchr.o)
 .debug_loc     0x00004023       0xaf C:/Freescale/CW MCU v10.4/MCU/ARM_GCC_Support/ewl/lib/armv6-m\libc.a(strchr.o)
 .debug_loc     0x000040d2      0x126 C:/Freescale/CW MCU v10.4/MCU/ARM_GCC_Support/ewl/lib/armv6-m\libc.a(__buffer_io.o)
 .debug_loc     0x000041f8      0x2dd C:/Freescale/CW MCU v10.4/MCU/ARM_GCC_Support/ewl/lib/armv6-m\libm.a(s_atan.o)
 .debug_loc     0x000044d5       0xc8 C:/Freescale/CW MCU v10.4/MCU/ARM_GCC_Support/ewl/lib/armv6-m\libm.a(s_cos.o)
 .debug_loc     0x0000459d       0xc8 C:/Freescale/CW MCU v10.4/MCU/ARM_GCC_Support/ewl/lib/armv6-m\libm.a(s_sin.o)
 .debug_loc     0x00004665       0x38 C:/Freescale/CW MCU v10.4/MCU/ARM_GCC_Support/ewl/lib/armv6-m\libm.a(w_acos.o)
 .debug_loc     0x0000469d       0x38 C:/Freescale/CW MCU v10.4/MCU/ARM_GCC_Support/ewl/lib/armv6-m\libm.a(w_asin.o)
 .debug_loc     0x000046d5       0x50 C:/Freescale/CW MCU v10.4/MCU/ARM_GCC_Support/ewl/lib/armv6-m\libm.a(w_atan2.o)
 .debug_loc     0x00004725       0x50 C:/Freescale/CW MCU v10.4/MCU/ARM_GCC_Support/ewl/lib/armv6-m\libm.a(w_pow.o)
 .debug_loc     0x00004775       0x38 C:/Freescale/CW MCU v10.4/MCU/ARM_GCC_Support/ewl/lib/armv6-m\libm.a(w_sqrt.o)
 .debug_loc     0x000047ad      0x14e C:/Freescale/CW MCU v10.4/MCU/ARM_GCC_Support/ewl/lib/armv6-m\libm.a(e_acos.o)
 .debug_loc     0x000048fb      0x1fd C:/Freescale/CW MCU v10.4/MCU/ARM_GCC_Support/ewl/lib/armv6-m\libm.a(e_asin.o)
 .debug_loc     0x00004af8      0x3d7 C:/Freescale/CW MCU v10.4/MCU/ARM_GCC_Support/ewl/lib/armv6-m\libm.a(e_atan2.o)
 .debug_loc     0x00004ecf      0x962 C:/Freescale/CW MCU v10.4/MCU/ARM_GCC_Support/ewl/lib/armv6-m\libm.a(e_pow.o)
 .debug_loc     0x00005831      0x316 C:/Freescale/CW MCU v10.4/MCU/ARM_GCC_Support/ewl/lib/armv6-m\libm.a(e_rem_pio2.o)
 .debug_loc     0x00005b47      0x220 C:/Freescale/CW MCU v10.4/MCU/ARM_GCC_Support/ewl/lib/armv6-m\libm.a(e_sqrt.o)
 .debug_loc     0x00005d67      0x10a C:/Freescale/CW MCU v10.4/MCU/ARM_GCC_Support/ewl/lib/armv6-m\libm.a(k_cos.o)
 .debug_loc     0x00005e71      0x66c C:/Freescale/CW MCU v10.4/MCU/ARM_GCC_Support/ewl/lib/armv6-m\libm.a(k_rem_pio2.o)
 .debug_loc     0x000064dd       0xf4 C:/Freescale/CW MCU v10.4/MCU/ARM_GCC_Support/ewl/lib/armv6-m\libm.a(k_sin.o)
 .debug_loc     0x000065d1      0x2d7 C:/Freescale/CW MCU v10.4/MCU/ARM_GCC_Support/ewl/lib/armv6-m\libm.a(math_api.o)
 .debug_loc     0x000068a8      0x143 C:/Freescale/CW MCU v10.4/MCU/ARM_GCC_Support/ewl/lib/armv6-m\libm.a(s_floor.o)
 .debug_loc     0x000069eb       0x6e C:/Freescale/CW MCU v10.4/MCU/ARM_GCC_Support/ewl/lib/armv6-m\libm.a(scalbn.o)
 .debug_loc     0x00006a59       0xc1 C:/Freescale/CW MCU v10.4/MCU/ARM_GCC_Support/ewl/lib/armv6-m\libm.a(s_frexp.o)
 .debug_loc     0x00006b1a      0x16b C:/Freescale/CW MCU v10.4/MCU/ARM_GCC_Support/ewl/lib/armv6-m\libm.a(s_ldexp.o)

.debug_aranges  0x00000000      0xe30
 .debug_aranges
                0x00000000       0x98 ./common/stdlib.o
 .debug_aranges
                0x00000098       0x20 ./common/startup.o
 .debug_aranges
                0x000000b8       0x50 ./common/printf.o
 .debug_aranges
                0x00000108       0x30 ./common/io.o
 .debug_aranges
                0x00000138       0x40 ./cpu/vectors.o
 .debug_aranges
                0x00000178       0x30 ./cpu/sysinit.o
 .debug_aranges
                0x000001a8       0x30 ./cpu/start.o
 .debug_aranges
                0x000001d8       0x20 ./cpu/cw_crt0.o
 .debug_aranges
                0x000001f8       0x48 ./cpu/arm_cm0.o
 .debug_aranges
                0x00000240       0xf0 ./drivers/mcg/mcg.o
 .debug_aranges
                0x00000330       0x20 ./drivers/rcm/rcm.o
 .debug_aranges
                0x00000350       0x70 ./drivers/uart/uart.o
 .debug_aranges
                0x000003c0       0x98 ./project/I2C/hal_i2c.o
 .debug_aranges
                0x00000458       0x68 ./project/I2C/hal_dev_mma8451.o
 .debug_aranges
                0x000004c0       0x68 ./project/I2C/hal_dev_mag3110.o
 .debug_aranges
                0x00000528       0x30 ./project/adc16/adc16.o
 .debug_aranges
                0x00000558       0x30 ./project/adc_test/adc_test.o
 .debug_aranges
                0x00000588       0x28 ./project/bsp/bsp_KL25.o
 .debug_aranges
                0x000005b0       0xf8 ./project/ecompass/sensorCompass.o
 .debug_aranges
                0x000006a8       0x18 ./project/global.o
 .debug_aranges
                0x000006c0       0x30 ./project/GPIO.o
 .debug_aranges
                0x000006f0       0x78 ./project/FRDMKL46_Demo.o
 .debug_aranges
                0x00000768       0x18 ./project/lcd/s401.o
 .debug_aranges
                0x00000780       0xb0 ./project/lcd/LCD.o
 .debug_aranges
                0x00000830       0x20 ./project/median/median.o
 .debug_aranges
                0x00000850       0x28 ./project/pit/pit.o
 .debug_aranges
                0x00000878       0x18 ./project/task_mgr/task_mgr.o
 .debug_aranges
                0x00000890       0x50 ./project/tsi/TSIDrv.o
 .debug_aranges
                0x000008e0       0x38 ./project/usb/usb_cdc.o
 .debug_aranges
                0x00000918       0xa0 ./project/usb/usb.o
 .debug_aranges
                0x000009b8       0x28 ./project/usb/ring_buffer.o
 .debug_aranges
                0x000009e0       0x20 C:/Freescale/CW MCU v10.4/MCU/ARM_GCC_Support/ewl/lib/armv6-m\libc.a(putchar.o)
 .debug_aranges
                0x00000a00       0x20 C:/Freescale/CW MCU v10.4/MCU/ARM_GCC_Support/ewl/lib/armv6-m\libc.a(puts.o)
 .debug_aranges
                0x00000a20       0x28 C:/Freescale/CW MCU v10.4/MCU/ARM_GCC_Support/ewl/lib/armv6-m\libc.a(printformat_.o)
 .debug_aranges
                0x00000a48       0x20 C:/Freescale/CW MCU v10.4/MCU/ARM_GCC_Support/ewl/lib/armv6-m\libc.a(__putchar.o)
 .debug_aranges
                0x00000a68       0x28 C:/Freescale/CW MCU v10.4/MCU/ARM_GCC_Support/ewl/lib/armv6-m\libc.a(ansi_files.o)
 .debug_aranges
                0x00000a90       0x20 C:/Freescale/CW MCU v10.4/MCU/ARM_GCC_Support/ewl/lib/armv6-m\libc.a(memchr.o)
 .debug_aranges
                0x00000ab0       0x20 C:/Freescale/CW MCU v10.4/MCU/ARM_GCC_Support/ewl/lib/armv6-m\libc.a(strchr.o)
 .debug_aranges
                0x00000ad0       0x30 C:/Freescale/CW MCU v10.4/MCU/ARM_GCC_Support/ewl/lib/armv6-m\libc.a(__buffer_io.o)
 .debug_aranges
                0x00000b00       0x20 C:/Freescale/CW MCU v10.4/MCU/ARM_GCC_Support/ewl/lib/armv6-m\libm.a(s_atan.o)
 .debug_aranges
                0x00000b20       0x20 C:/Freescale/CW MCU v10.4/MCU/ARM_GCC_Support/ewl/lib/armv6-m\libm.a(s_cos.o)
 .debug_aranges
                0x00000b40       0x20 C:/Freescale/CW MCU v10.4/MCU/ARM_GCC_Support/ewl/lib/armv6-m\libm.a(s_sin.o)
 .debug_aranges
                0x00000b60       0x20 C:/Freescale/CW MCU v10.4/MCU/ARM_GCC_Support/ewl/lib/armv6-m\libm.a(w_acos.o)
 .debug_aranges
                0x00000b80       0x20 C:/Freescale/CW MCU v10.4/MCU/ARM_GCC_Support/ewl/lib/armv6-m\libm.a(w_asin.o)
 .debug_aranges
                0x00000ba0       0x20 C:/Freescale/CW MCU v10.4/MCU/ARM_GCC_Support/ewl/lib/armv6-m\libm.a(w_atan2.o)
 .debug_aranges
                0x00000bc0       0x20 C:/Freescale/CW MCU v10.4/MCU/ARM_GCC_Support/ewl/lib/armv6-m\libm.a(w_pow.o)
 .debug_aranges
                0x00000be0       0x20 C:/Freescale/CW MCU v10.4/MCU/ARM_GCC_Support/ewl/lib/armv6-m\libm.a(w_sqrt.o)
 .debug_aranges
                0x00000c00       0x20 C:/Freescale/CW MCU v10.4/MCU/ARM_GCC_Support/ewl/lib/armv6-m\libm.a(e_acos.o)
 .debug_aranges
                0x00000c20       0x20 C:/Freescale/CW MCU v10.4/MCU/ARM_GCC_Support/ewl/lib/armv6-m\libm.a(e_asin.o)
 .debug_aranges
                0x00000c40       0x20 C:/Freescale/CW MCU v10.4/MCU/ARM_GCC_Support/ewl/lib/armv6-m\libm.a(e_atan2.o)
 .debug_aranges